******************************************************************************
                  TI ARM Linker Unix v18.1.2                   
******************************************************************************
>> Linked Mon Oct 22 10:46:26 2018

OUTPUT FILE NAME:   <UART Test.out>
ENTRY POINT SYMBOL: "_c_int00_noargs"  address: 00000b05


MEMORY CONFIGURATION

         name            origin    length      used     unused   attr    fill
----------------------  --------  ---------  --------  --------  ----  --------
  MAIN                  00000000   00040000  00000d08  0003f2f8  R  X
  INFO                  00200000   00004000  00000000  00004000  R  X
  SRAM_CODE             01000000   00010000  00000000  00010000  RW X
  SRAM_DATA             20000000   00010000  00000234  0000fdcc  RW  


SEGMENT ALLOCATION MAP

run origin  load origin   length   init length attrs members
----------  ----------- ---------- ----------- ----- -------
00000000    00000000    00000d08   00000d08    r-x
  00000000    00000000    00000140   00000140    r-- .intvecs
  00000140    00000140    00000b64   00000b64    r-x .text
  00000ca4    00000ca4    00000024   00000024    r-- .const
  00000cc8    00000cc8    00000040   00000040    r-- .cinit
20000000    20000000    00000034   00000000    rw-
  20000000    20000000    00000034   00000000    rw- .data
2000fe00    2000fe00    00000200   00000000    rw-
  2000fe00    2000fe00    00000200   00000000    rw- .stack


SECTION ALLOCATION MAP

 output                                  attributes/
section   page    origin      length       input sections
--------  ----  ----------  ----------   ----------------
.intvecs   0    00000000    00000140     
                  00000000    00000140     startup_msp432p401r_ccs.obj (.intvecs:retain)

.text      0    00000140    00000b64     
                  00000140    00000328     system_msp432p401r.obj (.text)
                  00000468    000001a0     msp432p4xx_driverlib.lib : pcm.o (.text:__PCM_setPowerStateAdvanced)
                  00000608    000000dc                              : pcm.o (.text:__PCM_setPowerModeAdvanced)
                  000006e4    000000b0                              : pcm.o (.text:__PCM_setCoreVoltageLevelAdvanced)
                  00000794    0000009c     rtsv7M4_T_le_v4SPD16_eabi.lib : memcpy_t2.asm.obj (.text)
                  00000830    00000094     msp432p4xx_driverlib.lib : uart.o (.text:UART_initModule)
                  000008c4    00000080     main.obj (.text)
                  00000944    0000007c     msp432p4xx_driverlib.lib : pcm.o (.text:PCM_gotoLPM3)
                  000009c0    00000068     rtsv7M4_T_le_v4SPD16_eabi.lib : copy_decompress_lzss.c.obj (.text:decompress:lzss:__TI_decompress_lzss)
                  00000a28    00000050     msp432p4xx_driverlib.lib : pcm.o (.text:PCM_shutdownDevice)
                  00000a78    00000048                              : gpio.o (.text:GPIO_setAsPeripheralModuleFunctionInputPin)
                  00000ac0    00000044     rtsv7M4_T_le_v4SPD16_eabi.lib : autoinit.c.obj (.text:__TI_auto_init_nobinit_nopinit:__TI_auto_init_nobinit_nopinit)
                  00000b04    00000038                                   : boot_cortex_m.c.obj (.text:_c_int00_noargs:_c_int00_noargs)
                  00000b3c    0000002c     msp432p4xx_driverlib.lib : pcm.o (.text:PCM_getCoreVoltageLevel)
                  00000b68    0000002a                              : pcm.o (.text:PCM_getPowerMode)
                  00000b92    00000002     --HOLE-- [fill = 0]
                  00000b94    00000028                              : pcm.o (.text:PCM_gotoLPM0)
                  00000bbc    00000024                              : cs.o (.text:CS_setDCOCenteredFrequency)
                  00000be0    00000024                              : rtc_c.o (.text:RTC_C_holdClock)
                  00000c04    00000024                              : uart.o (.text:UART_transmitData)
                  00000c28    00000018                              : wdt_a.o (.text:WDT_A_holdTimer)
                  00000c40    00000012     startup_msp432p401r_ccs.obj (.text)
                  00000c52    00000010     msp432p4xx_driverlib.lib : pcm.o (.text:PCM_gotoLPM4)
                  00000c62    0000000e     rtsv7M4_T_le_v4SPD16_eabi.lib : copy_decompress_none.c.obj (.text:decompress:none:__TI_decompress_none)
                  00000c70    0000000c     msp432p4xx_driverlib.lib : pcm.o (.text:PCM_getPowerState)
                  00000c7c    0000000c                              : uart.o (.text:UART_enableModule)
                  00000c88    00000008                              : pcm.o (.text:PCM_setPowerMode)
                  00000c90    00000008                              : pcm.o (.text:PCM_setPowerState)
                  00000c98    00000004                              : cpu.o (.text:CPU_wfi)
                  00000c9c    00000004     rtsv7M4_T_le_v4SPD16_eabi.lib : pre_init.c.obj (.text:_system_pre_init)
                  00000ca0    00000004                                   : exit.c.obj (.text:abort:abort)

.const     0    00000ca4    00000024     
                  00000ca4    00000024     main.obj (.const:uartConfig)

.cinit     0    00000cc8    00000040     
                  00000cc8    0000002f     (.cinit..data.load) [load image, compression = lzss]
                  00000cf7    00000001     --HOLE-- [fill = 0]
                  00000cf8    00000008     (__TI_handler_table)
                  00000d00    00000008     (__TI_cinit_table)

.init_array 
*          0    00000000    00000000     UNINITIALIZED

.data      0    20000000    00000034     UNINITIALIZED
                  20000000    00000030     msp432p4xx_driverlib.lib : gpio.o (.data:GPIO_PORT_TO_BASE)
                  20000030    00000004     system_msp432p401r.obj (.data)

.stack     0    2000fe00    00000200     UNINITIALIZED
                  2000fe00    00000004     rtsv7M4_T_le_v4SPD16_eabi.lib : boot_cortex_m.c.obj (.stack)
                  2000fe04    000001fc     --HOLE--

MODULE SUMMARY

       Module                        code   ro data   rw data
       ------                        ----   -------   -------
    ./
       system_msp432p401r.obj        808    0         4      
       startup_msp432p401r_ccs.obj   18     320       0      
       main.obj                      128    36        0      
    +--+-----------------------------+------+---------+---------+
       Total:                        954    356       4      
                                                             
    /Applications/ti/ccsv8/tools/compiler/ti-cgt-arm_18.1.2.LTS/lib/rtsv7M4_T_le_v4SPD16_eabi.lib
       memcpy_t2.asm.obj             156    0         0      
       copy_decompress_lzss.c.obj    104    0         0      
       autoinit.c.obj                68     0         0      
       boot_cortex_m.c.obj           56     0         0      
       copy_decompress_none.c.obj    14     0         0      
       exit.c.obj                    4      0         0      
       pre_init.c.obj                4      0         0      
    +--+-----------------------------+------+---------+---------+
       Total:                        406    0         0      
                                                             
    /Applications/ti/msp/MSP432Ware_3_50_00_02/driverlib/driverlib/MSP432P4xx/ccs/msp432p4xx_driverlib.lib
       pcm.o                         1186   0         0      
       uart.o                        196    0         0      
       gpio.o                        72     0         48     
       cs.o                          36     0         0      
       rtc_c.o                       36     0         0      
       wdt_a.o                       24     0         0      
       cpu.o                         4      0         0      
    +--+-----------------------------+------+---------+---------+
       Total:                        1554   0         48     
                                                             
       Stack:                        0      0         512    
       Linker Generated:             0      63        0      
    +--+-----------------------------+------+---------+---------+
       Grand Total:                  2914   419       564    


LINKER GENERATED COPY TABLES

__TI_cinit_table @ 00000d00 records: 1, size/record: 8, table size: 8
	.data: load addr=00000cc8, load size=0000002f bytes, run addr=20000000, run size=00000034 bytes, compression=lzss


LINKER GENERATED HANDLER TABLE

__TI_handler_table @ 00000cf8 records: 2, size/record: 4, table size: 8
	index: 0, handler: __TI_decompress_lzss
	index: 1, handler: __TI_decompress_none


GLOBAL SYMBOLS: SORTED ALPHABETICALLY BY Name 

address   name                                      
-------   ----                                      
00000ca1  C$$EXIT                                   
00000c99  CPU_wfi                                   
00000bbd  CS_setDCOCenteredFrequency                
00000a79  GPIO_setAsPeripheralModuleFunctionInputPin
00000b3d  PCM_getCoreVoltageLevel                   
00000b69  PCM_getPowerMode                          
00000c71  PCM_getPowerState                         
00000b95  PCM_gotoLPM0                              
00000945  PCM_gotoLPM3                              
00000c53  PCM_gotoLPM4                              
00000c89  PCM_setPowerMode                          
00000c91  PCM_setPowerState                         
00000a29  PCM_shutdownDevice                        
00000be1  RTC_C_holdClock                           
20000030  SystemCoreClock                           
00000141  SystemCoreClockUpdate                     
000003b5  SystemInit                                
00000c7d  UART_enableModule                         
00000831  UART_initModule                           
00000c05  UART_transmitData                         
4000480c  WDTCTL_SYM                                
00000c29  WDT_A_holdTimer                           
20010000  __STACK_END                               
00000200  __STACK_SIZE                              
00000d00  __TI_CINIT_Base                           
00000d08  __TI_CINIT_Limit                          
00000cf8  __TI_Handler_Table_Base                   
00000d00  __TI_Handler_Table_Limit                  
00000ac1  __TI_auto_init_nobinit_nopinit            
000009c1  __TI_decompress_lzss                      
00000c63  __TI_decompress_none                      
ffffffff  __TI_pprof_out_hndl                       
ffffffff  __TI_prof_data_size                       
ffffffff  __TI_prof_data_start                      
00000000  __TI_static_base__                        
00000795  __aeabi_memcpy                            
00000795  __aeabi_memcpy4                           
00000795  __aeabi_memcpy8                           
ffffffff  __binit__                                 
ffffffff  __c_args__                                
UNDEFED   __mpu_init                                
2000fe00  __stack                                   
00000b05  _c_int00_noargs                           
UNDEFED   _system_post_cinit                        
00000c9d  _system_pre_init                          
00000ca1  abort                                     
ffffffff  binit                                     
00000000  interruptVectors                          
000008c5  main                                      
00000795  memcpy                                    
00000909  transmit                                  
00000ca4  uartConfig                                


GLOBAL SYMBOLS: SORTED BY Symbol Address 

address   name                                      
-------   ----                                      
00000000  __TI_static_base__                        
00000000  interruptVectors                          
00000141  SystemCoreClockUpdate                     
00000200  __STACK_SIZE                              
000003b5  SystemInit                                
00000795  __aeabi_memcpy                            
00000795  __aeabi_memcpy4                           
00000795  __aeabi_memcpy8                           
00000795  memcpy                                    
00000831  UART_initModule                           
000008c5  main                                      
00000909  transmit                                  
00000945  PCM_gotoLPM3                              
000009c1  __TI_decompress_lzss                      
00000a29  PCM_shutdownDevice                        
00000a79  GPIO_setAsPeripheralModuleFunctionInputPin
00000ac1  __TI_auto_init_nobinit_nopinit            
00000b05  _c_int00_noargs                           
00000b3d  PCM_getCoreVoltageLevel                   
00000b69  PCM_getPowerMode                          
00000b95  PCM_gotoLPM0                              
00000bbd  CS_setDCOCenteredFrequency                
00000be1  RTC_C_holdClock                           
00000c05  UART_transmitData                         
00000c29  WDT_A_holdTimer                           
00000c53  PCM_gotoLPM4                              
00000c63  __TI_decompress_none                      
00000c71  PCM_getPowerState                         
00000c7d  UART_enableModule                         
00000c89  PCM_setPowerMode                          
00000c91  PCM_setPowerState                         
00000c99  CPU_wfi                                   
00000c9d  _system_pre_init                          
00000ca1  C$$EXIT                                   
00000ca1  abort                                     
00000ca4  uartConfig                                
00000cf8  __TI_Handler_Table_Base                   
00000d00  __TI_CINIT_Base                           
00000d00  __TI_Handler_Table_Limit                  
00000d08  __TI_CINIT_Limit                          
20000030  SystemCoreClock                           
2000fe00  __stack                                   
20010000  __STACK_END                               
4000480c  WDTCTL_SYM                                
ffffffff  __TI_pprof_out_hndl                       
ffffffff  __TI_prof_data_size                       
ffffffff  __TI_prof_data_start                      
ffffffff  __binit__                                 
ffffffff  __c_args__                                
ffffffff  binit                                     
UNDEFED   __mpu_init                                
UNDEFED   _system_post_cinit                        

[52 symbols]
