<?xml version="1.0" encoding="ISO-8859-1" ?>
<link_info>
   <banner>TI ARM Linker PC v18.1.2.LTS</banner>
   <copyright>Copyright (c) 1996-2017 Texas Instruments Incorporated</copyright>
   <link_time>0x5be4e047</link_time>
   <link_errors>0x0</link_errors>
   <output_file>EGR_326_LCD_Menu_Test.out</output_file>
   <entry_point>
      <name>_c_int00_noargs</name>
      <address>0x183f5</address>
   </entry_point>
   <input_file_list>
      <input_file id="fl-2">
         <path>.\</path>
         <kind>object</kind>
         <file>Images.obj</file>
         <name>Images.obj</name>
      </input_file>
      <input_file id="fl-3">
         <path>.\</path>
         <kind>object</kind>
         <file>Menu_testing.obj</file>
         <name>Menu_testing.obj</name>
      </input_file>
      <input_file id="fl-4">
         <path>.\</path>
         <kind>object</kind>
         <file>ST7735.obj</file>
         <name>ST7735.obj</name>
      </input_file>
      <input_file id="fl-5">
         <path>.\</path>
         <kind>object</kind>
         <file>startup_msp432p401r_ccs.obj</file>
         <name>startup_msp432p401r_ccs.obj</name>
      </input_file>
      <input_file id="fl-6">
         <path>.\</path>
         <kind>object</kind>
         <file>system_msp432p401r.obj</file>
         <name>system_msp432p401r.obj</name>
      </input_file>
      <input_file id="fl-b">
         <kind>object</kind>
         <file>&lt;internal&gt;</file>
         <name>&lt;internal&gt;</name>
      </input_file>
      <input_file id="fl-c">
         <path>C:\ti\msp\MSP432Ware_3_50_00_02\driverlib\driverlib\MSP432P4xx\ccs\</path>
         <kind>archive</kind>
         <file>msp432p4xx_driverlib.lib</file>
         <name>cs.o</name>
      </input_file>
      <input_file id="fl-d">
         <path>C:\ti\msp\MSP432Ware_3_50_00_02\driverlib\driverlib\MSP432P4xx\ccs\</path>
         <kind>archive</kind>
         <file>msp432p4xx_driverlib.lib</file>
         <name>interrupt.o</name>
      </input_file>
      <input_file id="fl-e">
         <path>C:\ti\msp\MSP432Ware_3_50_00_02\driverlib\driverlib\MSP432P4xx\ccs\</path>
         <kind>archive</kind>
         <file>msp432p4xx_driverlib.lib</file>
         <name>sysctl.o</name>
      </input_file>
      <input_file id="fl-f">
         <path>C:\ti\msp\MSP432Ware_3_50_00_02\driverlib\driverlib\MSP432P4xx\ccs\</path>
         <kind>archive</kind>
         <file>msp432p4xx_driverlib.lib</file>
         <name>cpu.o</name>
      </input_file>
      <input_file id="fl-c5">
         <path>C:\ti\ccsv8\tools\compiler\ti-cgt-arm_18.1.2.LTS\lib\</path>
         <kind>archive</kind>
         <file>rtsv7M4_T_le_v4SPD16_eabi.lib</file>
         <name>memset_t2.asm.obj</name>
      </input_file>
      <input_file id="fl-c6">
         <path>C:\ti\ccsv8\tools\compiler\ti-cgt-arm_18.1.2.LTS\lib\</path>
         <kind>archive</kind>
         <file>rtsv7M4_T_le_v4SPD16_eabi.lib</file>
         <name>memcpy_t2.asm.obj</name>
      </input_file>
      <input_file id="fl-c7">
         <path>C:\ti\ccsv8\tools\compiler\ti-cgt-arm_18.1.2.LTS\lib\</path>
         <kind>archive</kind>
         <file>rtsv7M4_T_le_v4SPD16_eabi.lib</file>
         <name>copy_zero_init.c.obj</name>
      </input_file>
      <input_file id="fl-c8">
         <path>C:\ti\ccsv8\tools\compiler\ti-cgt-arm_18.1.2.LTS\lib\</path>
         <kind>archive</kind>
         <file>rtsv7M4_T_le_v4SPD16_eabi.lib</file>
         <name>copy_decompress_none.c.obj</name>
      </input_file>
      <input_file id="fl-c9">
         <path>C:\ti\ccsv8\tools\compiler\ti-cgt-arm_18.1.2.LTS\lib\</path>
         <kind>archive</kind>
         <file>rtsv7M4_T_le_v4SPD16_eabi.lib</file>
         <name>copy_decompress_lzss.c.obj</name>
      </input_file>
      <input_file id="fl-ca">
         <path>C:\ti\ccsv8\tools\compiler\ti-cgt-arm_18.1.2.LTS\lib\</path>
         <kind>archive</kind>
         <file>rtsv7M4_T_le_v4SPD16_eabi.lib</file>
         <name>boot_cortex_m.c.obj</name>
      </input_file>
      <input_file id="fl-cb">
         <path>C:\ti\ccsv8\tools\compiler\ti-cgt-arm_18.1.2.LTS\lib\</path>
         <kind>archive</kind>
         <file>rtsv7M4_T_le_v4SPD16_eabi.lib</file>
         <name>exit.c.obj</name>
      </input_file>
      <input_file id="fl-cc">
         <path>C:\ti\ccsv8\tools\compiler\ti-cgt-arm_18.1.2.LTS\lib\</path>
         <kind>archive</kind>
         <file>rtsv7M4_T_le_v4SPD16_eabi.lib</file>
         <name>_lock.c.obj</name>
      </input_file>
      <input_file id="fl-cd">
         <path>C:\ti\ccsv8\tools\compiler\ti-cgt-arm_18.1.2.LTS\lib\</path>
         <kind>archive</kind>
         <file>rtsv7M4_T_le_v4SPD16_eabi.lib</file>
         <name>args_main.c.obj</name>
      </input_file>
      <input_file id="fl-ce">
         <path>C:\ti\ccsv8\tools\compiler\ti-cgt-arm_18.1.2.LTS\lib\</path>
         <kind>archive</kind>
         <file>rtsv7M4_T_le_v4SPD16_eabi.lib</file>
         <name>sprintf.c.obj</name>
      </input_file>
      <input_file id="fl-cf">
         <path>C:\ti\ccsv8\tools\compiler\ti-cgt-arm_18.1.2.LTS\lib\</path>
         <kind>archive</kind>
         <file>rtsv7M4_T_le_v4SPD16_eabi.lib</file>
         <name>autoinit.c.obj</name>
      </input_file>
      <input_file id="fl-d0">
         <path>C:\ti\ccsv8\tools\compiler\ti-cgt-arm_18.1.2.LTS\lib\</path>
         <kind>archive</kind>
         <file>rtsv7M4_T_le_v4SPD16_eabi.lib</file>
         <name>pre_init.c.obj</name>
      </input_file>
      <input_file id="fl-d1">
         <path>C:\ti\ccsv8\tools\compiler\ti-cgt-arm_18.1.2.LTS\lib\</path>
         <kind>archive</kind>
         <file>rtsv7M4_T_le_v4SPD16_eabi.lib</file>
         <name>cpy_tbl.c.obj</name>
      </input_file>
      <input_file id="fl-d2">
         <path>C:\ti\ccsv8\tools\compiler\ti-cgt-arm_18.1.2.LTS\lib\</path>
         <kind>archive</kind>
         <file>rtsv7M4_T_le_v4SPD16_eabi.lib</file>
         <name>_printfi.c.obj</name>
      </input_file>
      <input_file id="fl-d3">
         <path>C:\ti\ccsv8\tools\compiler\ti-cgt-arm_18.1.2.LTS\lib\</path>
         <kind>archive</kind>
         <file>rtsv7M4_T_le_v4SPD16_eabi.lib</file>
         <name>atoi.c.obj</name>
      </input_file>
      <input_file id="fl-d4">
         <path>C:\ti\ccsv8\tools\compiler\ti-cgt-arm_18.1.2.LTS\lib\</path>
         <kind>archive</kind>
         <file>rtsv7M4_T_le_v4SPD16_eabi.lib</file>
         <name>ctype.c.obj</name>
      </input_file>
      <input_file id="fl-d5">
         <path>C:\ti\ccsv8\tools\compiler\ti-cgt-arm_18.1.2.LTS\lib\</path>
         <kind>archive</kind>
         <file>rtsv7M4_T_le_v4SPD16_eabi.lib</file>
         <name>ltoa.c.obj</name>
      </input_file>
      <input_file id="fl-d6">
         <path>C:\ti\ccsv8\tools\compiler\ti-cgt-arm_18.1.2.LTS\lib\</path>
         <kind>archive</kind>
         <file>rtsv7M4_T_le_v4SPD16_eabi.lib</file>
         <name>memccpy.c.obj</name>
      </input_file>
      <input_file id="fl-d7">
         <path>C:\ti\ccsv8\tools\compiler\ti-cgt-arm_18.1.2.LTS\lib\</path>
         <kind>archive</kind>
         <file>rtsv7M4_T_le_v4SPD16_eabi.lib</file>
         <name>strchr.c.obj</name>
      </input_file>
      <input_file id="fl-d8">
         <path>C:\ti\ccsv8\tools\compiler\ti-cgt-arm_18.1.2.LTS\lib\</path>
         <kind>archive</kind>
         <file>rtsv7M4_T_le_v4SPD16_eabi.lib</file>
         <name>strlen.c.obj</name>
      </input_file>
      <input_file id="fl-d9">
         <path>C:\ti\ccsv8\tools\compiler\ti-cgt-arm_18.1.2.LTS\lib\</path>
         <kind>archive</kind>
         <file>rtsv7M4_T_le_v4SPD16_eabi.lib</file>
         <name>s_frexp.c.obj</name>
      </input_file>
      <input_file id="fl-da">
         <path>C:\ti\ccsv8\tools\compiler\ti-cgt-arm_18.1.2.LTS\lib\</path>
         <kind>archive</kind>
         <file>rtsv7M4_T_le_v4SPD16_eabi.lib</file>
         <name>s_scalbn.c.obj</name>
      </input_file>
      <input_file id="fl-db">
         <path>C:\ti\ccsv8\tools\compiler\ti-cgt-arm_18.1.2.LTS\lib\</path>
         <kind>archive</kind>
         <file>rtsv7M4_T_le_v4SPD16_eabi.lib</file>
         <name>s_copysign.c.obj</name>
      </input_file>
      <input_file id="fl-dc">
         <path>C:\ti\ccsv8\tools\compiler\ti-cgt-arm_18.1.2.LTS\lib\</path>
         <kind>archive</kind>
         <file>rtsv7M4_T_le_v4SPD16_eabi.lib</file>
         <name>wcslen.c.obj</name>
      </input_file>
      <input_file id="fl-dd">
         <path>C:\ti\ccsv8\tools\compiler\ti-cgt-arm_18.1.2.LTS\lib\</path>
         <kind>archive</kind>
         <file>rtsv7M4_T_le_v4SPD16_eabi.lib</file>
         <name>fd_add_t2.asm.obj</name>
      </input_file>
      <input_file id="fl-de">
         <path>C:\ti\ccsv8\tools\compiler\ti-cgt-arm_18.1.2.LTS\lib\</path>
         <kind>archive</kind>
         <file>rtsv7M4_T_le_v4SPD16_eabi.lib</file>
         <name>fd_cmp_t2.asm.obj</name>
      </input_file>
      <input_file id="fl-df">
         <path>C:\ti\ccsv8\tools\compiler\ti-cgt-arm_18.1.2.LTS\lib\</path>
         <kind>archive</kind>
         <file>rtsv7M4_T_le_v4SPD16_eabi.lib</file>
         <name>fd_div_t2.asm.obj</name>
      </input_file>
      <input_file id="fl-e0">
         <path>C:\ti\ccsv8\tools\compiler\ti-cgt-arm_18.1.2.LTS\lib\</path>
         <kind>archive</kind>
         <file>rtsv7M4_T_le_v4SPD16_eabi.lib</file>
         <name>fd_mul_t2.asm.obj</name>
      </input_file>
      <input_file id="fl-e1">
         <path>C:\ti\ccsv8\tools\compiler\ti-cgt-arm_18.1.2.LTS\lib\</path>
         <kind>archive</kind>
         <file>rtsv7M4_T_le_v4SPD16_eabi.lib</file>
         <name>fd_toi_t2.asm.obj</name>
      </input_file>
      <input_file id="fl-e2">
         <path>C:\ti\ccsv8\tools\compiler\ti-cgt-arm_18.1.2.LTS\lib\</path>
         <kind>archive</kind>
         <file>rtsv7M4_T_le_v4SPD16_eabi.lib</file>
         <name>i_tofd_t2.asm.obj</name>
      </input_file>
      <input_file id="fl-e3">
         <path>C:\ti\ccsv8\tools\compiler\ti-cgt-arm_18.1.2.LTS\lib\</path>
         <kind>archive</kind>
         <file>rtsv7M4_T_le_v4SPD16_eabi.lib</file>
         <name>ull_div_t2.asm.obj</name>
      </input_file>
      <input_file id="fl-e4">
         <path>C:\ti\ccsv8\tools\compiler\ti-cgt-arm_18.1.2.LTS\lib\</path>
         <kind>archive</kind>
         <file>rtsv7M4_T_le_v4SPD16_eabi.lib</file>
         <name>errno.c.obj</name>
      </input_file>
      <input_file id="fl-e5">
         <path>C:\ti\ccsv8\tools\compiler\ti-cgt-arm_18.1.2.LTS\lib\</path>
         <kind>archive</kind>
         <file>rtsv7M4_T_le_v4SPD16_eabi.lib</file>
         <name>div0.asm.obj</name>
      </input_file>
   </input_file_list>
   <object_component_list>
      <object_component id="oc-1f">
         <name>.intvecs:retain</name>
         <load_address>0x0</load_address>
         <run_address>0x0</run_address>
         <size>0x140</size>
         <input_file_ref idref="fl-5"/>
      </object_component>
      <object_component id="oc-b7">
         <name>.text</name>
         <load_address>0x136a8</load_address>
         <run_address>0x136a8</run_address>
         <size>0x139c</size>
         <input_file_ref idref="fl-4"/>
      </object_component>
      <object_component id="oc-b1">
         <name>.text</name>
         <load_address>0x14a44</load_address>
         <run_address>0x14a44</run_address>
         <size>0x12e0</size>
         <input_file_ref idref="fl-2"/>
      </object_component>
      <object_component id="oc-1dd">
         <name>.text:__TI_printfi</name>
         <load_address>0x15d24</load_address>
         <run_address>0x15d24</run_address>
         <size>0xa5e</size>
         <input_file_ref idref="fl-d2"/>
      </object_component>
      <object_component id="oc-35e">
         <name>.text</name>
         <load_address>0x16782</load_address>
         <run_address>0x16782</run_address>
         <size>0x2</size>
         <input_file_ref idref="fl-e5"/>
      </object_component>
      <object_component id="oc-9e">
         <name>.text</name>
         <load_address>0x16784</load_address>
         <run_address>0x16784</run_address>
         <size>0x328</size>
         <input_file_ref idref="fl-6"/>
      </object_component>
      <object_component id="oc-66">
         <name>.text</name>
         <load_address>0x16aac</load_address>
         <run_address>0x16aac</run_address>
         <size>0x324</size>
         <input_file_ref idref="fl-3"/>
      </object_component>
      <object_component id="oc-298">
         <name>.text:_pconv_a</name>
         <load_address>0x16dd0</load_address>
         <run_address>0x16dd0</run_address>
         <size>0x270</size>
         <input_file_ref idref="fl-d2"/>
      </object_component>
      <object_component id="oc-286">
         <name>.text:_pconv_g</name>
         <load_address>0x17040</load_address>
         <run_address>0x17040</run_address>
         <size>0x1d0</size>
         <input_file_ref idref="fl-d2"/>
      </object_component>
      <object_component id="oc-303">
         <name>.text</name>
         <load_address>0x17210</load_address>
         <run_address>0x17210</run_address>
         <size>0x1b6</size>
         <input_file_ref idref="fl-dd"/>
      </object_component>
      <object_component id="oc-292">
         <name>.text:_pconv_e</name>
         <load_address>0x173c8</load_address>
         <run_address>0x173c8</run_address>
         <size>0x13c</size>
         <input_file_ref idref="fl-d2"/>
      </object_component>
      <object_component id="oc-2e9">
         <name>.text</name>
         <load_address>0x17504</load_address>
         <run_address>0x17504</run_address>
         <size>0x136</size>
         <input_file_ref idref="fl-df"/>
      </object_component>
      <object_component id="oc-315">
         <name>.text:fcvt</name>
         <load_address>0x1763c</load_address>
         <run_address>0x1763c</run_address>
         <size>0x120</size>
         <input_file_ref idref="fl-d2"/>
      </object_component>
      <object_component id="oc-329">
         <name>.text:scalbn</name>
         <load_address>0x1775c</load_address>
         <run_address>0x1775c</run_address>
         <size>0x110</size>
         <input_file_ref idref="fl-da"/>
      </object_component>
      <object_component id="oc-1ca">
         <name>.text:CS_getDCOFrequency</name>
         <load_address>0x1786c</load_address>
         <run_address>0x1786c</run_address>
         <size>0x104</size>
         <input_file_ref idref="fl-c"/>
      </object_component>
      <object_component id="oc-2e4">
         <name>.text</name>
         <load_address>0x17970</load_address>
         <run_address>0x17970</run_address>
         <size>0xfc</size>
         <input_file_ref idref="fl-e0"/>
      </object_component>
      <object_component id="oc-27b">
         <name>.text:_ltostr</name>
         <load_address>0x17a6c</load_address>
         <run_address>0x17a6c</run_address>
         <size>0xb1</size>
         <input_file_ref idref="fl-d2"/>
      </object_component>
      <object_component id="oc-188">
         <name>.text:CS_startHFXTWithTimeout</name>
         <load_address>0x17b20</load_address>
         <run_address>0x17b20</run_address>
         <size>0x9c</size>
         <input_file_ref idref="fl-c"/>
      </object_component>
      <object_component id="oc-134">
         <name>.text:_CSComputeCLKFrequency</name>
         <load_address>0x17bbc</load_address>
         <run_address>0x17bbc</run_address>
         <size>0x9c</size>
         <input_file_ref idref="fl-c"/>
      </object_component>
      <object_component id="oc-30">
         <name>.text</name>
         <load_address>0x17c58</load_address>
         <run_address>0x17c58</run_address>
         <size>0x9c</size>
         <input_file_ref idref="fl-c6"/>
      </object_component>
      <object_component id="oc-2dd">
         <name>.text</name>
         <load_address>0x17cf4</load_address>
         <run_address>0x17cf4</run_address>
         <size>0x96</size>
         <input_file_ref idref="fl-e3"/>
      </object_component>
      <object_component id="oc-281">
         <name>.text:__aeabi_cdcmple</name>
         <load_address>0x17d8a</load_address>
         <run_address>0x17d8a</run_address>
         <size>0x86</size>
         <input_file_ref idref="fl-de"/>
      </object_component>
      <object_component id="oc-2ee">
         <name>.text:__aeabi_cdrcmple</name>
         <load_address>0x17e10</load_address>
         <run_address>0x17e10</run_address>
         <size>0x86</size>
         <input_file_ref idref="fl-de"/>
      </object_component>
      <object_component id="oc-86">
         <name>.text</name>
         <load_address>0x17e96</load_address>
         <run_address>0x17e96</run_address>
         <size>0x7a</size>
         <input_file_ref idref="fl-c5"/>
      </object_component>
      <object_component id="oc-232">
         <name>.text:_CSGetHFXTFrequency</name>
         <load_address>0x17f10</load_address>
         <run_address>0x17f10</run_address>
         <size>0x70</size>
         <input_file_ref idref="fl-c"/>
      </object_component>
      <object_component id="oc-30e">
         <name>.text:_mcpy</name>
         <load_address>0x17f80</load_address>
         <run_address>0x17f80</run_address>
         <size>0x6e</size>
         <input_file_ref idref="fl-d2"/>
      </object_component>
      <object_component id="oc-10">
         <name>.text:decompress:lzss:__TI_decompress_lzss</name>
         <load_address>0x17fee</load_address>
         <run_address>0x17fee</run_address>
         <size>0x68</size>
         <input_file_ref idref="fl-c9"/>
      </object_component>
      <object_component id="oc-323">
         <name>.text:frexp</name>
         <load_address>0x18058</load_address>
         <run_address>0x18058</run_address>
         <size>0x64</size>
         <input_file_ref idref="fl-d9"/>
      </object_component>
      <object_component id="oc-28c">
         <name>.text:_pconv_f</name>
         <load_address>0x180bc</load_address>
         <run_address>0x180bc</run_address>
         <size>0x56</size>
         <input_file_ref idref="fl-d2"/>
      </object_component>
      <object_component id="oc-2f8">
         <name>.text:ltoa</name>
         <load_address>0x18112</load_address>
         <run_address>0x18112</run_address>
         <size>0x54</size>
         <input_file_ref idref="fl-d5"/>
      </object_component>
      <object_component id="oc-308">
         <name>.text:_ecpy</name>
         <load_address>0x18166</load_address>
         <run_address>0x18166</run_address>
         <size>0x52</size>
         <input_file_ref idref="fl-d2"/>
      </object_component>
      <object_component id="oc-267">
         <name>.text:SysCtl_getTLVInfo</name>
         <load_address>0x181b8</load_address>
         <run_address>0x181b8</run_address>
         <size>0x50</size>
         <input_file_ref idref="fl-e"/>
      </object_component>
      <object_component id="oc-261">
         <name>.text:_CSGetDOCFrequency</name>
         <load_address>0x18208</load_address>
         <run_address>0x18208</run_address>
         <size>0x4c</size>
         <input_file_ref idref="fl-c"/>
      </object_component>
      <object_component id="oc-275">
         <name>.text:atoi</name>
         <load_address>0x18254</load_address>
         <run_address>0x18254</run_address>
         <size>0x4c</size>
         <input_file_ref idref="fl-d3"/>
      </object_component>
      <object_component id="oc-1c4">
         <name>.text:_CSGetDividerValue</name>
         <load_address>0x182a0</load_address>
         <run_address>0x182a0</run_address>
         <size>0x48</size>
         <input_file_ref idref="fl-c"/>
      </object_component>
      <object_component id="oc-2f3">
         <name>.text</name>
         <load_address>0x182e8</load_address>
         <run_address>0x182e8</run_address>
         <size>0x48</size>
         <input_file_ref idref="fl-e1"/>
      </object_component>
      <object_component id="oc-fe">
         <name>.text:__TI_auto_init_nobinit_nopinit:__TI_auto_init_nobinit_nopinit</name>
         <load_address>0x18330</load_address>
         <run_address>0x18330</run_address>
         <size>0x44</size>
         <input_file_ref idref="fl-cf"/>
      </object_component>
      <object_component id="oc-14c">
         <name>.text:sprintf</name>
         <load_address>0x18374</load_address>
         <run_address>0x18374</run_address>
         <size>0x40</size>
         <input_file_ref idref="fl-ce"/>
      </object_component>
      <object_component id="oc-31b">
         <name>.text:_fcpy</name>
         <load_address>0x183b4</load_address>
         <run_address>0x183b4</run_address>
         <size>0x3e</size>
         <input_file_ref idref="fl-d2"/>
      </object_component>
      <object_component id="oc-4e">
         <name>.text:_c_int00_noargs:_c_int00_noargs</name>
         <load_address>0x183f4</load_address>
         <run_address>0x183f4</run_address>
         <size>0x38</size>
         <input_file_ref idref="fl-ca"/>
      </object_component>
      <object_component id="oc-2fe">
         <name>.text</name>
         <load_address>0x1842c</load_address>
         <run_address>0x1842c</run_address>
         <size>0x2e</size>
         <input_file_ref idref="fl-e2"/>
      </object_component>
      <object_component id="oc-1d0">
         <name>.text:CS_clearInterruptFlag</name>
         <load_address>0x1845c</load_address>
         <run_address>0x1845c</run_address>
         <size>0x24</size>
         <input_file_ref idref="fl-c"/>
      </object_component>
      <object_component id="oc-29e">
         <name>.text:memccpy</name>
         <load_address>0x18480</load_address>
         <run_address>0x18480</run_address>
         <size>0x1c</size>
         <input_file_ref idref="fl-d6"/>
      </object_component>
      <object_component id="oc-ab">
         <name>.text:CS_getMCLK</name>
         <load_address>0x1849c</load_address>
         <run_address>0x1849c</run_address>
         <size>0x18</size>
         <input_file_ref idref="fl-c"/>
      </object_component>
      <object_component id="oc-a5">
         <name>.text:CS_getSMCLK</name>
         <load_address>0x184b4</load_address>
         <run_address>0x184b4</run_address>
         <size>0x18</size>
         <input_file_ref idref="fl-c"/>
      </object_component>
      <object_component id="oc-1e3">
         <name>.text:_outs</name>
         <load_address>0x184cc</load_address>
         <run_address>0x184cc</run_address>
         <size>0x18</size>
         <input_file_ref idref="fl-ce"/>
      </object_component>
      <object_component id="oc-32f">
         <name>.text:strchr</name>
         <load_address>0x184e4</load_address>
         <run_address>0x184e4</run_address>
         <size>0x16</size>
         <input_file_ref idref="fl-d7"/>
      </object_component>
      <object_component id="oc-bd">
         <name>.text:CS_setExternalClockSourceFrequency</name>
         <load_address>0x184fc</load_address>
         <run_address>0x184fc</run_address>
         <size>0x14</size>
         <input_file_ref idref="fl-c"/>
      </object_component>
      <object_component id="oc-377">
         <name>.text:copysign</name>
         <load_address>0x18510</load_address>
         <run_address>0x18510</run_address>
         <size>0x14</size>
         <input_file_ref idref="fl-db"/>
      </object_component>
      <object_component id="oc-26f">
         <name>.text:strlen</name>
         <load_address>0x18524</load_address>
         <run_address>0x18524</run_address>
         <size>0x14</size>
         <input_file_ref idref="fl-d8"/>
      </object_component>
      <object_component id="oc-3c">
         <name>.text:decompress:ZI:__TI_zero_init_nomemset:__TI_zero_init_nomemset</name>
         <load_address>0x18538</load_address>
         <run_address>0x18538</run_address>
         <size>0x12</size>
         <input_file_ref idref="fl-c7"/>
      </object_component>
      <object_component id="oc-60">
         <name>.text</name>
         <load_address>0x1854a</load_address>
         <run_address>0x1854a</run_address>
         <size>0x12</size>
         <input_file_ref idref="fl-5"/>
      </object_component>
      <object_component id="oc-2a4">
         <name>.text:wcslen</name>
         <load_address>0x1855c</load_address>
         <run_address>0x1855c</run_address>
         <size>0x12</size>
         <input_file_ref idref="fl-dc"/>
      </object_component>
      <object_component id="oc-22c">
         <name>.text:SysCtl_disableNMISource</name>
         <load_address>0x18570</load_address>
         <run_address>0x18570</run_address>
         <size>0x10</size>
         <input_file_ref idref="fl-e"/>
      </object_component>
      <object_component id="oc-238">
         <name>.text:SysCtl_enableNMISource</name>
         <load_address>0x18580</load_address>
         <run_address>0x18580</run_address>
         <size>0x10</size>
         <input_file_ref idref="fl-e"/>
      </object_component>
      <object_component id="oc-16">
         <name>.text:decompress:none:__TI_decompress_none</name>
         <load_address>0x18590</load_address>
         <run_address>0x18590</run_address>
         <size>0xe</size>
         <input_file_ref idref="fl-c8"/>
      </object_component>
      <object_component id="oc-226">
         <name>.text:SysCtl_getNMISourceStatus</name>
         <load_address>0x185a0</load_address>
         <run_address>0x185a0</run_address>
         <size>0xc</size>
         <input_file_ref idref="fl-e"/>
      </object_component>
      <object_component id="oc-1e9">
         <name>.text:_outc</name>
         <load_address>0x185ac</load_address>
         <run_address>0x185ac</run_address>
         <size>0xa</size>
         <input_file_ref idref="fl-ce"/>
      </object_component>
      <object_component id="oc-2aa">
         <name>.text:__aeabi_errno_addr</name>
         <load_address>0x185b8</load_address>
         <run_address>0x185b8</run_address>
         <size>0x8</size>
         <input_file_ref idref="fl-e4"/>
      </object_component>
      <object_component id="oc-c3">
         <name>.text:CS_startHFXT</name>
         <load_address>0x185c0</load_address>
         <run_address>0x185c0</run_address>
         <size>0x6</size>
         <input_file_ref idref="fl-c"/>
      </object_component>
      <object_component id="oc-8c">
         <name>.text:_system_pre_init</name>
         <load_address>0x185c6</load_address>
         <run_address>0x185c6</run_address>
         <size>0x4</size>
         <input_file_ref idref="fl-d0"/>
      </object_component>
      <object_component id="oc-f2">
         <name>.text:abort:abort</name>
         <load_address>0x185ca</load_address>
         <run_address>0x185ca</run_address>
         <size>0x4</size>
         <input_file_ref idref="fl-cb"/>
      </object_component>
      <object_component id="oc-141">
         <name>.const:$P$T0$1</name>
         <load_address>0x140</load_address>
         <run_address>0x140</run_address>
         <size>0x9600</size>
         <input_file_ref idref="fl-2"/>
      </object_component>
      <object_component id="oc-155">
         <name>.const:$P$T4$12</name>
         <load_address>0x9740</load_address>
         <run_address>0x9740</run_address>
         <size>0x9600</size>
         <input_file_ref idref="fl-2"/>
      </object_component>
      <object_component id="oc-16f">
         <name>.const:.string:Font</name>
         <load_address>0x12d40</load_address>
         <run_address>0x12d40</run_address>
         <size>0x4fb</size>
         <input_file_ref idref="fl-4"/>
      </object_component>
      <object_component id="oc-17a">
         <name>.const:.string:dBfs</name>
         <load_address>0x1323b</load_address>
         <run_address>0x1323b</run_address>
         <size>0x200</size>
         <input_file_ref idref="fl-4"/>
      </object_component>
      <object_component id="oc-2d8">
         <name>.const:.string:_ctypes_</name>
         <load_address>0x1343b</load_address>
         <run_address>0x1343b</run_address>
         <size>0x101</size>
         <input_file_ref idref="fl-d4"/>
      </object_component>
      <object_component id="oc-15d">
         <name>.const:.string:Bcmd</name>
         <load_address>0x1353c</load_address>
         <run_address>0x1353c</run_address>
         <size>0x67</size>
         <input_file_ref idref="fl-4"/>
      </object_component>
      <object_component id="oc-148">
         <name>.const:$P$T2$8</name>
         <load_address>0x135a3</load_address>
         <run_address>0x135a3</run_address>
         <size>0x50</size>
         <input_file_ref idref="fl-2"/>
      </object_component>
      <object_component id="oc-163">
         <name>.const:.string:Rcmd1</name>
         <load_address>0x135f3</load_address>
         <run_address>0x135f3</run_address>
         <size>0x3b</size>
         <input_file_ref idref="fl-4"/>
      </object_component>
      <object_component id="oc-16c">
         <name>.const:.string:Rcmd3</name>
         <load_address>0x1362e</load_address>
         <run_address>0x1362e</run_address>
         <size>0x2b</size>
         <input_file_ref idref="fl-4"/>
      </object_component>
      <object_component id="oc-144">
         <name>.const:$P$T1$3</name>
         <load_address>0x13659</load_address>
         <run_address>0x13659</run_address>
         <size>0x28</size>
         <input_file_ref idref="fl-2"/>
      </object_component>
      <object_component id="oc-166">
         <name>.const:.string:Rcmd2green</name>
         <load_address>0x13681</load_address>
         <run_address>0x13681</run_address>
         <size>0xd</size>
         <input_file_ref idref="fl-4"/>
      </object_component>
      <object_component id="oc-169">
         <name>.const:.string:Rcmd2red</name>
         <load_address>0x1368e</load_address>
         <run_address>0x1368e</run_address>
         <size>0xd</size>
         <input_file_ref idref="fl-4"/>
      </object_component>
      <object_component id="oc-152">
         <name>.const:.string:$P$T3$11</name>
         <load_address>0x1369b</load_address>
         <run_address>0x1369b</run_address>
         <size>0xa</size>
         <input_file_ref idref="fl-2"/>
      </object_component>
      <object_component id="oc-3ce">
         <name>.cinit..data.load</name>
         <load_address>0x185d0</load_address>
         <run_address>0x185d0</run_address>
         <size>0x20</size>
      </object_component>
      <object_component id="oc-3cc">
         <name>__TI_handler_table</name>
         <load_address>0x185f0</load_address>
         <run_address>0x185f0</run_address>
         <size>0xc</size>
      </object_component>
      <object_component id="oc-3cf">
         <name>.cinit..bss.load</name>
         <load_address>0x18600</load_address>
         <run_address>0x18600</run_address>
         <size>0x8</size>
      </object_component>
      <object_component id="oc-3cd">
         <name>__TI_cinit_table</name>
         <load_address>0x18608</load_address>
         <run_address>0x18608</run_address>
         <size>0x10</size>
      </object_component>
      <object_component id="oc-147">
         <name>.data</name>
         <load_address>0x20000048</load_address>
         <run_address>0x20000048</run_address>
         <size>0x6</size>
         <input_file_ref idref="fl-2"/>
      </object_component>
      <object_component id="oc-14b">
         <name>.data:timeArray$4</name>
         <load_address>0x2000004e</load_address>
         <run_address>0x2000004e</run_address>
         <size>0x5</size>
         <input_file_ref idref="fl-2"/>
      </object_component>
      <object_component id="oc-cd">
         <name>.data</name>
         <load_address>0x20000053</load_address>
         <run_address>0x20000053</run_address>
         <size>0x4</size>
         <input_file_ref idref="fl-3"/>
      </object_component>
      <object_component id="oc-160">
         <name>.data</name>
         <load_address>0x20000034</load_address>
         <run_address>0x20000034</run_address>
         <size>0x14</size>
         <input_file_ref idref="fl-4"/>
      </object_component>
      <object_component id="oc-130">
         <name>.data</name>
         <load_address>0x2000005c</load_address>
         <run_address>0x2000005c</run_address>
         <size>0x4</size>
         <input_file_ref idref="fl-6"/>
      </object_component>
      <object_component id="oc-33f">
         <name>.data</name>
         <load_address>0x20000058</load_address>
         <run_address>0x20000058</run_address>
         <size>0x4</size>
         <input_file_ref idref="fl-e4"/>
      </object_component>
      <object_component id="oc-15a">
         <name>.bss</name>
         <uninitialized>true</uninitialized>
         <run_address>0x2000000c</run_address>
         <size>0x4</size>
         <input_file_ref idref="fl-4"/>
      </object_component>
      <object_component id="oc-c9">
         <name>.common:SMCLKfreq</name>
         <uninitialized>true</uninitialized>
         <run_address>0x20000018</run_address>
         <size>0x4</size>
      </object_component>
      <object_component id="oc-cc">
         <name>.common:MCLKfreq</name>
         <uninitialized>true</uninitialized>
         <run_address>0x20000010</run_address>
         <size>0x4</size>
      </object_component>
      <object_component id="oc-172">
         <name>.common:Message</name>
         <uninitialized>true</uninitialized>
         <run_address>0x20000000</run_address>
         <size>0xc</size>
      </object_component>
      <object_component id="oc-175">
         <name>.common:Messageindex</name>
         <uninitialized>true</uninitialized>
         <run_address>0x20000014</run_address>
         <size>0x4</size>
      </object_component>
      <object_component id="oc-176">
         <name>.common:Ymax</name>
         <uninitialized>true</uninitialized>
         <run_address>0x20000020</run_address>
         <size>0x4</size>
      </object_component>
      <object_component id="oc-177">
         <name>.common:Ymin</name>
         <uninitialized>true</uninitialized>
         <run_address>0x20000024</run_address>
         <size>0x4</size>
      </object_component>
      <object_component id="oc-179">
         <name>.common:X</name>
         <uninitialized>true</uninitialized>
         <run_address>0x2000001c</run_address>
         <size>0x4</size>
      </object_component>
      <object_component id="oc-178">
         <name>.common:Yrange</name>
         <uninitialized>true</uninitialized>
         <run_address>0x20000028</run_address>
         <size>0x4</size>
      </object_component>
      <object_component id="oc-186">
         <name>.common:hfxtFreq</name>
         <uninitialized>true</uninitialized>
         <run_address>0x2000002c</run_address>
         <size>0x4</size>
      </object_component>
      <object_component id="oc-183">
         <name>.common:lfxtFreq</name>
         <uninitialized>true</uninitialized>
         <run_address>0x20000030</run_address>
         <size>0x4</size>
      </object_component>
      <object_component id="oc-22">
         <name>.stack</name>
         <uninitialized>true</uninitialized>
         <run_address>0x2000fe00</run_address>
         <size>0x4</size>
         <input_file_ref idref="fl-ca"/>
      </object_component>
      <object_component id="oc-3d0">
         <name>.stack</name>
         <uninitialized>true</uninitialized>
         <run_address>0x2000fe00</run_address>
         <size>0x0</size>
      </object_component>
      <object_component id="oc-159">
         <name>.debug_info</name>
         <load_address>0x0</load_address>
         <run_address>0x0</run_address>
         <size>0x7bb</size>
         <input_file_ref idref="fl-2"/>
      </object_component>
      <object_component id="oc-142">
         <name>.debug_info</name>
         <load_address>0x7bb</load_address>
         <run_address>0x7bb</run_address>
         <size>0xdd</size>
         <input_file_ref idref="fl-2"/>
      </object_component>
      <object_component id="oc-145">
         <name>.debug_info</name>
         <load_address>0x898</load_address>
         <run_address>0x898</run_address>
         <size>0xde</size>
         <input_file_ref idref="fl-2"/>
      </object_component>
      <object_component id="oc-149">
         <name>.debug_info</name>
         <load_address>0x976</load_address>
         <run_address>0x976</run_address>
         <size>0xde</size>
         <input_file_ref idref="fl-2"/>
      </object_component>
      <object_component id="oc-153">
         <name>.debug_info</name>
         <load_address>0xa54</load_address>
         <run_address>0xa54</run_address>
         <size>0xe0</size>
         <input_file_ref idref="fl-2"/>
      </object_component>
      <object_component id="oc-156">
         <name>.debug_info</name>
         <load_address>0xb34</load_address>
         <run_address>0xb34</run_address>
         <size>0xe0</size>
         <input_file_ref idref="fl-2"/>
      </object_component>
      <object_component id="oc-b2">
         <name>.debug_info</name>
         <load_address>0xc14</load_address>
         <run_address>0xc14</run_address>
         <size>0x1427</size>
         <input_file_ref idref="fl-2"/>
      </object_component>
      <object_component id="oc-196">
         <name>.debug_info</name>
         <load_address>0x203b</load_address>
         <run_address>0x203b</run_address>
         <size>0x1055</size>
         <input_file_ref idref="fl-2"/>
      </object_component>
      <object_component id="oc-dd">
         <name>.debug_info</name>
         <load_address>0x3090</load_address>
         <run_address>0x3090</run_address>
         <size>0x26b</size>
         <input_file_ref idref="fl-2"/>
      </object_component>
      <object_component id="oc-1fc">
         <name>.debug_info</name>
         <load_address>0x32fb</load_address>
         <run_address>0x32fb</run_address>
         <size>0x37e2</size>
         <input_file_ref idref="fl-2"/>
      </object_component>
      <object_component id="oc-2b">
         <name>.debug_info</name>
         <load_address>0x6add</load_address>
         <run_address>0x6add</run_address>
         <size>0x84</size>
         <input_file_ref idref="fl-2"/>
      </object_component>
      <object_component id="oc-19d">
         <name>.debug_info</name>
         <load_address>0x6b61</load_address>
         <run_address>0x6b61</run_address>
         <size>0x297</size>
         <input_file_ref idref="fl-2"/>
      </object_component>
      <object_component id="oc-d6">
         <name>.debug_info</name>
         <load_address>0x6df8</load_address>
         <run_address>0x6df8</run_address>
         <size>0xbb</size>
         <input_file_ref idref="fl-2"/>
      </object_component>
      <object_component id="oc-201">
         <name>.debug_info</name>
         <load_address>0x6eb3</load_address>
         <run_address>0x6eb3</run_address>
         <size>0xcc</size>
         <input_file_ref idref="fl-2"/>
      </object_component>
      <object_component id="oc-1f1">
         <name>.debug_info</name>
         <load_address>0x6f7f</load_address>
         <run_address>0x6f7f</run_address>
         <size>0x2c</size>
         <input_file_ref idref="fl-2"/>
      </object_component>
      <object_component id="oc-17e">
         <name>.debug_info</name>
         <load_address>0x6fab</load_address>
         <run_address>0x6fab</run_address>
         <size>0x51</size>
         <input_file_ref idref="fl-2"/>
      </object_component>
      <object_component id="oc-ca">
         <name>.debug_info</name>
         <load_address>0x6ffc</load_address>
         <run_address>0x6ffc</run_address>
         <size>0x78c</size>
         <input_file_ref idref="fl-3"/>
      </object_component>
      <object_component id="oc-ce">
         <name>.debug_info</name>
         <load_address>0x7788</load_address>
         <run_address>0x7788</run_address>
         <size>0x155</size>
         <input_file_ref idref="fl-3"/>
      </object_component>
      <object_component id="oc-67">
         <name>.debug_info</name>
         <load_address>0x78dd</load_address>
         <run_address>0x78dd</run_address>
         <size>0x4d6</size>
         <input_file_ref idref="fl-3"/>
      </object_component>
      <object_component id="oc-191">
         <name>.debug_info</name>
         <load_address>0x7db3</load_address>
         <run_address>0x7db3</run_address>
         <size>0x37e2</size>
         <input_file_ref idref="fl-3"/>
      </object_component>
      <object_component id="oc-d1">
         <name>.debug_info</name>
         <load_address>0xb595</load_address>
         <run_address>0xb595</run_address>
         <size>0x8b</size>
         <input_file_ref idref="fl-3"/>
      </object_component>
      <object_component id="oc-173">
         <name>.debug_info</name>
         <load_address>0xb620</load_address>
         <run_address>0xb620</run_address>
         <size>0x675</size>
         <input_file_ref idref="fl-4"/>
      </object_component>
      <object_component id="oc-161">
         <name>.debug_info</name>
         <load_address>0xbc95</load_address>
         <run_address>0xbc95</run_address>
         <size>0x16c</size>
         <input_file_ref idref="fl-4"/>
      </object_component>
      <object_component id="oc-170">
         <name>.debug_info</name>
         <load_address>0xbe01</load_address>
         <run_address>0xbe01</run_address>
         <size>0xd7</size>
         <input_file_ref idref="fl-4"/>
      </object_component>
      <object_component id="oc-15b">
         <name>.debug_info</name>
         <load_address>0xbed8</load_address>
         <run_address>0xbed8</run_address>
         <size>0x143</size>
         <input_file_ref idref="fl-4"/>
      </object_component>
      <object_component id="oc-15e">
         <name>.debug_info</name>
         <load_address>0xc01b</load_address>
         <run_address>0xc01b</run_address>
         <size>0xd8</size>
         <input_file_ref idref="fl-4"/>
      </object_component>
      <object_component id="oc-164">
         <name>.debug_info</name>
         <load_address>0xc0f3</load_address>
         <run_address>0xc0f3</run_address>
         <size>0xda</size>
         <input_file_ref idref="fl-4"/>
      </object_component>
      <object_component id="oc-167">
         <name>.debug_info</name>
         <load_address>0xc1cd</load_address>
         <run_address>0xc1cd</run_address>
         <size>0xe4</size>
         <input_file_ref idref="fl-4"/>
      </object_component>
      <object_component id="oc-16a">
         <name>.debug_info</name>
         <load_address>0xc2b1</load_address>
         <run_address>0xc2b1</run_address>
         <size>0xe0</size>
         <input_file_ref idref="fl-4"/>
      </object_component>
      <object_component id="oc-16d">
         <name>.debug_info</name>
         <load_address>0xc391</load_address>
         <run_address>0xc391</run_address>
         <size>0xda</size>
         <input_file_ref idref="fl-4"/>
      </object_component>
      <object_component id="oc-17b">
         <name>.debug_info</name>
         <load_address>0xc46b</load_address>
         <run_address>0xc46b</run_address>
         <size>0xd9</size>
         <input_file_ref idref="fl-4"/>
      </object_component>
      <object_component id="oc-b8">
         <name>.debug_info</name>
         <load_address>0xc544</load_address>
         <run_address>0xc544</run_address>
         <size>0x2182</size>
         <input_file_ref idref="fl-4"/>
      </object_component>
      <object_component id="oc-6e">
         <name>.debug_info</name>
         <load_address>0xe6c6</load_address>
         <run_address>0xe6c6</run_address>
         <size>0x326</size>
         <input_file_ref idref="fl-5"/>
      </object_component>
      <object_component id="oc-20">
         <name>.debug_info</name>
         <load_address>0xe9ec</load_address>
         <run_address>0xe9ec</run_address>
         <size>0x101</size>
         <input_file_ref idref="fl-5"/>
      </object_component>
      <object_component id="oc-63">
         <name>.debug_info</name>
         <load_address>0xeaed</load_address>
         <run_address>0xeaed</run_address>
         <size>0x268</size>
         <input_file_ref idref="fl-5"/>
      </object_component>
      <object_component id="oc-131">
         <name>.debug_info</name>
         <load_address>0xed55</load_address>
         <run_address>0xed55</run_address>
         <size>0xfa</size>
         <input_file_ref idref="fl-6"/>
      </object_component>
      <object_component id="oc-a1">
         <name>.debug_info</name>
         <load_address>0xee4f</load_address>
         <run_address>0xee4f</run_address>
         <size>0x26c</size>
         <input_file_ref idref="fl-6"/>
      </object_component>
      <object_component id="oc-184">
         <name>.debug_info</name>
         <load_address>0xf0bb</load_address>
         <run_address>0xf0bb</run_address>
         <size>0x5ef</size>
         <input_file_ref idref="fl-c"/>
      </object_component>
      <object_component id="oc-235">
         <name>.debug_info</name>
         <load_address>0xf6aa</load_address>
         <run_address>0xf6aa</run_address>
         <size>0xfc</size>
         <input_file_ref idref="fl-c"/>
      </object_component>
      <object_component id="oc-18b">
         <name>.debug_info</name>
         <load_address>0xf7a6</load_address>
         <run_address>0xf7a6</run_address>
         <size>0x23c</size>
         <input_file_ref idref="fl-c"/>
      </object_component>
      <object_component id="oc-c6">
         <name>.debug_info</name>
         <load_address>0xf9e2</load_address>
         <run_address>0xf9e2</run_address>
         <size>0x122</size>
         <input_file_ref idref="fl-c"/>
      </object_component>
      <object_component id="oc-c1">
         <name>.debug_info</name>
         <load_address>0xfb04</load_address>
         <run_address>0xfb04</run_address>
         <size>0x1dd</size>
         <input_file_ref idref="fl-c"/>
      </object_component>
      <object_component id="oc-1c8">
         <name>.debug_info</name>
         <load_address>0xfce1</load_address>
         <run_address>0xfce1</run_address>
         <size>0x131</size>
         <input_file_ref idref="fl-c"/>
      </object_component>
      <object_component id="oc-265">
         <name>.debug_info</name>
         <load_address>0xfe12</load_address>
         <run_address>0xfe12</run_address>
         <size>0x129</size>
         <input_file_ref idref="fl-c"/>
      </object_component>
      <object_component id="oc-1ce">
         <name>.debug_info</name>
         <load_address>0xff3b</load_address>
         <run_address>0xff3b</run_address>
         <size>0x1dd</size>
         <input_file_ref idref="fl-c"/>
      </object_component>
      <object_component id="oc-1d4">
         <name>.debug_info</name>
         <load_address>0x10118</load_address>
         <run_address>0x10118</run_address>
         <size>0x120</size>
         <input_file_ref idref="fl-c"/>
      </object_component>
      <object_component id="oc-138">
         <name>.debug_info</name>
         <load_address>0x10238</load_address>
         <run_address>0x10238</run_address>
         <size>0x1d8</size>
         <input_file_ref idref="fl-c"/>
      </object_component>
      <object_component id="oc-a9">
         <name>.debug_info</name>
         <load_address>0x10410</load_address>
         <run_address>0x10410</run_address>
         <size>0x132</size>
         <input_file_ref idref="fl-c"/>
      </object_component>
      <object_component id="oc-af">
         <name>.debug_info</name>
         <load_address>0x10542</load_address>
         <run_address>0x10542</run_address>
         <size>0x130</size>
         <input_file_ref idref="fl-c"/>
      </object_component>
      <object_component id="oc-21c">
         <name>.debug_info</name>
         <load_address>0x10672</load_address>
         <run_address>0x10672</run_address>
         <size>0x1b5</size>
         <input_file_ref idref="fl-c"/>
      </object_component>
      <object_component id="oc-221">
         <name>.debug_info</name>
         <load_address>0x10827</load_address>
         <run_address>0x10827</run_address>
         <size>0x103e</size>
         <input_file_ref idref="fl-c"/>
      </object_component>
      <object_component id="oc-13b">
         <name>.debug_info</name>
         <load_address>0x11865</load_address>
         <run_address>0x11865</run_address>
         <size>0x18b</size>
         <input_file_ref idref="fl-c"/>
      </object_component>
      <object_component id="oc-2c2">
         <name>.debug_info</name>
         <load_address>0x119f0</load_address>
         <run_address>0x119f0</run_address>
         <size>0x379</size>
         <input_file_ref idref="fl-e"/>
      </object_component>
      <object_component id="oc-269">
         <name>.debug_info</name>
         <load_address>0x11d69</load_address>
         <run_address>0x11d69</run_address>
         <size>0x1d6</size>
         <input_file_ref idref="fl-e"/>
      </object_component>
      <object_component id="oc-228">
         <name>.debug_info</name>
         <load_address>0x11f3f</load_address>
         <run_address>0x11f3f</run_address>
         <size>0x10f</size>
         <input_file_ref idref="fl-e"/>
      </object_component>
      <object_component id="oc-23a">
         <name>.debug_info</name>
         <load_address>0x1204e</load_address>
         <run_address>0x1204e</run_address>
         <size>0x12b</size>
         <input_file_ref idref="fl-e"/>
      </object_component>
      <object_component id="oc-22d">
         <name>.debug_info</name>
         <load_address>0x12179</load_address>
         <run_address>0x12179</run_address>
         <size>0x12d</size>
         <input_file_ref idref="fl-e"/>
      </object_component>
      <object_component id="oc-88">
         <name>.debug_info</name>
         <load_address>0x122a6</load_address>
         <run_address>0x122a6</run_address>
         <size>0x13f</size>
         <input_file_ref idref="fl-c5"/>
      </object_component>
      <object_component id="oc-33">
         <name>.debug_info</name>
         <load_address>0x123e5</load_address>
         <run_address>0x123e5</run_address>
         <size>0x111</size>
         <input_file_ref idref="fl-c6"/>
      </object_component>
      <object_component id="oc-85">
         <name>.debug_info</name>
         <load_address>0x124f6</load_address>
         <run_address>0x124f6</run_address>
         <size>0x313</size>
         <input_file_ref idref="fl-c7"/>
      </object_component>
      <object_component id="oc-3f">
         <name>.debug_info</name>
         <load_address>0x12809</load_address>
         <run_address>0x12809</run_address>
         <size>0x1b4</size>
         <input_file_ref idref="fl-c7"/>
      </object_component>
      <object_component id="oc-80">
         <name>.debug_info</name>
         <load_address>0x129bd</load_address>
         <run_address>0x129bd</run_address>
         <size>0x46</size>
         <input_file_ref idref="fl-c7"/>
      </object_component>
      <object_component id="oc-e9">
         <name>.debug_info</name>
         <load_address>0x12a03</load_address>
         <run_address>0x12a03</run_address>
         <size>0x2c</size>
         <input_file_ref idref="fl-c7"/>
      </object_component>
      <object_component id="oc-3b">
         <name>.debug_info</name>
         <load_address>0x12a2f</load_address>
         <run_address>0x12a2f</run_address>
         <size>0x29d</size>
         <input_file_ref idref="fl-c8"/>
      </object_component>
      <object_component id="oc-17">
         <name>.debug_info</name>
         <load_address>0x12ccc</load_address>
         <run_address>0x12ccc</run_address>
         <size>0x1df</size>
         <input_file_ref idref="fl-c8"/>
      </object_component>
      <object_component id="oc-36">
         <name>.debug_info</name>
         <load_address>0x12eab</load_address>
         <run_address>0x12eab</run_address>
         <size>0x46</size>
         <input_file_ref idref="fl-c8"/>
      </object_component>
      <object_component id="oc-78">
         <name>.debug_info</name>
         <load_address>0x12ef1</load_address>
         <run_address>0x12ef1</run_address>
         <size>0x2c</size>
         <input_file_ref idref="fl-c8"/>
      </object_component>
      <object_component id="oc-76">
         <name>.debug_info</name>
         <load_address>0x12f1d</load_address>
         <run_address>0x12f1d</run_address>
         <size>0x293</size>
         <input_file_ref idref="fl-c9"/>
      </object_component>
      <object_component id="oc-11">
         <name>.debug_info</name>
         <load_address>0x131b0</load_address>
         <run_address>0x131b0</run_address>
         <size>0x245</size>
         <input_file_ref idref="fl-c9"/>
      </object_component>
      <object_component id="oc-26">
         <name>.debug_info</name>
         <load_address>0x133f5</load_address>
         <run_address>0x133f5</run_address>
         <size>0x60</size>
         <input_file_ref idref="fl-c9"/>
      </object_component>
      <object_component id="oc-e2">
         <name>.debug_info</name>
         <load_address>0x13455</load_address>
         <run_address>0x13455</run_address>
         <size>0x46</size>
         <input_file_ref idref="fl-c9"/>
      </object_component>
      <object_component id="oc-71">
         <name>.debug_info</name>
         <load_address>0x1349b</load_address>
         <run_address>0x1349b</run_address>
         <size>0x39</size>
         <input_file_ref idref="fl-c9"/>
      </object_component>
      <object_component id="oc-23">
         <name>.debug_info</name>
         <load_address>0x134d4</load_address>
         <run_address>0x134d4</run_address>
         <size>0x100</size>
         <input_file_ref idref="fl-ca"/>
      </object_component>
      <object_component id="oc-4f">
         <name>.debug_info</name>
         <load_address>0x135d4</load_address>
         <run_address>0x135d4</run_address>
         <size>0x1a4</size>
         <input_file_ref idref="fl-ca"/>
      </object_component>
      <object_component id="oc-f4">
         <name>.debug_info</name>
         <load_address>0x13778</load_address>
         <run_address>0x13778</run_address>
         <size>0x117</size>
         <input_file_ref idref="fl-cb"/>
      </object_component>
      <object_component id="oc-1f0">
         <name>.debug_info</name>
         <load_address>0x1388f</load_address>
         <run_address>0x1388f</run_address>
         <size>0x328</size>
         <input_file_ref idref="fl-ce"/>
      </object_component>
      <object_component id="oc-14e">
         <name>.debug_info</name>
         <load_address>0x13bb7</load_address>
         <run_address>0x13bb7</run_address>
         <size>0x1c6</size>
         <input_file_ref idref="fl-ce"/>
      </object_component>
      <object_component id="oc-1e6">
         <name>.debug_info</name>
         <load_address>0x13d7d</load_address>
         <run_address>0x13d7d</run_address>
         <size>0x182</size>
         <input_file_ref idref="fl-ce"/>
      </object_component>
      <object_component id="oc-1ea">
         <name>.debug_info</name>
         <load_address>0x13eff</load_address>
         <run_address>0x13eff</run_address>
         <size>0x162</size>
         <input_file_ref idref="fl-ce"/>
      </object_component>
      <object_component id="oc-346">
         <name>.debug_info</name>
         <load_address>0x14061</load_address>
         <run_address>0x14061</run_address>
         <size>0x2c</size>
         <input_file_ref idref="fl-ce"/>
      </object_component>
      <object_component id="oc-1ad">
         <name>.debug_info</name>
         <load_address>0x1408d</load_address>
         <run_address>0x1408d</run_address>
         <size>0x547</size>
         <input_file_ref idref="fl-cf"/>
      </object_component>
      <object_component id="oc-ff">
         <name>.debug_info</name>
         <load_address>0x145d4</load_address>
         <run_address>0x145d4</run_address>
         <size>0x19b</size>
         <input_file_ref idref="fl-cf"/>
      </object_component>
      <object_component id="oc-24f">
         <name>.debug_info</name>
         <load_address>0x1476f</load_address>
         <run_address>0x1476f</run_address>
         <size>0x39</size>
         <input_file_ref idref="fl-cf"/>
      </object_component>
      <object_component id="oc-2c8">
         <name>.debug_info</name>
         <load_address>0x147a8</load_address>
         <run_address>0x147a8</run_address>
         <size>0x39</size>
         <input_file_ref idref="fl-cf"/>
      </object_component>
      <object_component id="oc-254">
         <name>.debug_info</name>
         <load_address>0x147e1</load_address>
         <run_address>0x147e1</run_address>
         <size>0x39</size>
         <input_file_ref idref="fl-cf"/>
      </object_component>
      <object_component id="oc-259">
         <name>.debug_info</name>
         <load_address>0x1481a</load_address>
         <run_address>0x1481a</run_address>
         <size>0xcd</size>
         <input_file_ref idref="fl-cf"/>
      </object_component>
      <object_component id="oc-8e">
         <name>.debug_info</name>
         <load_address>0x148e7</load_address>
         <run_address>0x148e7</run_address>
         <size>0x148</size>
         <input_file_ref idref="fl-d0"/>
      </object_component>
      <object_component id="oc-2b1">
         <name>.debug_info</name>
         <load_address>0x14a2f</load_address>
         <run_address>0x14a2f</run_address>
         <size>0x8a6</size>
         <input_file_ref idref="fl-d2"/>
      </object_component>
      <object_component id="oc-27c">
         <name>.debug_info</name>
         <load_address>0x152d5</load_address>
         <run_address>0x152d5</run_address>
         <size>0x213</size>
         <input_file_ref idref="fl-d2"/>
      </object_component>
      <object_component id="oc-309">
         <name>.debug_info</name>
         <load_address>0x154e8</load_address>
         <run_address>0x154e8</run_address>
         <size>0x1a8</size>
         <input_file_ref idref="fl-d2"/>
      </object_component>
      <object_component id="oc-30f">
         <name>.debug_info</name>
         <load_address>0x15690</load_address>
         <run_address>0x15690</run_address>
         <size>0x210</size>
         <input_file_ref idref="fl-d2"/>
      </object_component>
      <object_component id="oc-287">
         <name>.debug_info</name>
         <load_address>0x158a0</load_address>
         <run_address>0x158a0</run_address>
         <size>0x3b0</size>
         <input_file_ref idref="fl-d2"/>
      </object_component>
      <object_component id="oc-316">
         <name>.debug_info</name>
         <load_address>0x15c50</load_address>
         <run_address>0x15c50</run_address>
         <size>0x2fa</size>
         <input_file_ref idref="fl-d2"/>
      </object_component>
      <object_component id="oc-31c">
         <name>.debug_info</name>
         <load_address>0x15f4a</load_address>
         <run_address>0x15f4a</run_address>
         <size>0x20a</size>
         <input_file_ref idref="fl-d2"/>
      </object_component>
      <object_component id="oc-28d">
         <name>.debug_info</name>
         <load_address>0x16154</load_address>
         <run_address>0x16154</run_address>
         <size>0x20a</size>
         <input_file_ref idref="fl-d2"/>
      </object_component>
      <object_component id="oc-293">
         <name>.debug_info</name>
         <load_address>0x1635e</load_address>
         <run_address>0x1635e</run_address>
         <size>0x2f9</size>
         <input_file_ref idref="fl-d2"/>
      </object_component>
      <object_component id="oc-299">
         <name>.debug_info</name>
         <load_address>0x16657</load_address>
         <run_address>0x16657</run_address>
         <size>0x4a5</size>
         <input_file_ref idref="fl-d2"/>
      </object_component>
      <object_component id="oc-1de">
         <name>.debug_info</name>
         <load_address>0x16afc</load_address>
         <run_address>0x16afc</run_address>
         <size>0x5cd</size>
         <input_file_ref idref="fl-d2"/>
      </object_component>
      <object_component id="oc-2b2">
         <name>.debug_info</name>
         <load_address>0x170c9</load_address>
         <run_address>0x170c9</run_address>
         <size>0x86</size>
         <input_file_ref idref="fl-d2"/>
      </object_component>
      <object_component id="oc-34b">
         <name>.debug_info</name>
         <load_address>0x1714f</load_address>
         <run_address>0x1714f</run_address>
         <size>0x39</size>
         <input_file_ref idref="fl-d2"/>
      </object_component>
      <object_component id="oc-38e">
         <name>.debug_info</name>
         <load_address>0x17188</load_address>
         <run_address>0x17188</run_address>
         <size>0xb6</size>
         <input_file_ref idref="fl-d2"/>
      </object_component>
      <object_component id="oc-350">
         <name>.debug_info</name>
         <load_address>0x1723e</load_address>
         <run_address>0x1723e</run_address>
         <size>0x46</size>
         <input_file_ref idref="fl-d2"/>
      </object_component>
      <object_component id="oc-2b7">
         <name>.debug_info</name>
         <load_address>0x17284</load_address>
         <run_address>0x17284</run_address>
         <size>0x46</size>
         <input_file_ref idref="fl-d2"/>
      </object_component>
      <object_component id="oc-2dc">
         <name>.debug_info</name>
         <load_address>0x172ca</load_address>
         <run_address>0x172ca</run_address>
         <size>0x2ae</size>
         <input_file_ref idref="fl-d3"/>
      </object_component>
      <object_component id="oc-277">
         <name>.debug_info</name>
         <load_address>0x17578</load_address>
         <run_address>0x17578</run_address>
         <size>0x171</size>
         <input_file_ref idref="fl-d3"/>
      </object_component>
      <object_component id="oc-35b">
         <name>.debug_info</name>
         <load_address>0x176e9</load_address>
         <run_address>0x176e9</run_address>
         <size>0xee</size>
         <input_file_ref idref="fl-d4"/>
      </object_component>
      <object_component id="oc-2d9">
         <name>.debug_info</name>
         <load_address>0x177d7</load_address>
         <run_address>0x177d7</run_address>
         <size>0xfa</size>
         <input_file_ref idref="fl-d4"/>
      </object_component>
      <object_component id="oc-369">
         <name>.debug_info</name>
         <load_address>0x178d1</load_address>
         <run_address>0x178d1</run_address>
         <size>0x290</size>
         <input_file_ref idref="fl-d5"/>
      </object_component>
      <object_component id="oc-2fa">
         <name>.debug_info</name>
         <load_address>0x17b61</load_address>
         <run_address>0x17b61</run_address>
         <size>0x1c2</size>
         <input_file_ref idref="fl-d5"/>
      </object_component>
      <object_component id="oc-337">
         <name>.debug_info</name>
         <load_address>0x17d23</load_address>
         <run_address>0x17d23</run_address>
         <size>0x28b</size>
         <input_file_ref idref="fl-d6"/>
      </object_component>
      <object_component id="oc-29f">
         <name>.debug_info</name>
         <load_address>0x17fae</load_address>
         <run_address>0x17fae</run_address>
         <size>0x1ab</size>
         <input_file_ref idref="fl-d6"/>
      </object_component>
      <object_component id="oc-380">
         <name>.debug_info</name>
         <load_address>0x18159</load_address>
         <run_address>0x18159</run_address>
         <size>0x28f</size>
         <input_file_ref idref="fl-d7"/>
      </object_component>
      <object_component id="oc-333">
         <name>.debug_info</name>
         <load_address>0x183e8</load_address>
         <run_address>0x183e8</run_address>
         <size>0x247</size>
         <input_file_ref idref="fl-d7"/>
      </object_component>
      <object_component id="oc-2d7">
         <name>.debug_info</name>
         <load_address>0x1862f</load_address>
         <run_address>0x1862f</run_address>
         <size>0x284</size>
         <input_file_ref idref="fl-d8"/>
      </object_component>
      <object_component id="oc-271">
         <name>.debug_info</name>
         <load_address>0x188b3</load_address>
         <run_address>0x188b3</run_address>
         <size>0x22a</size>
         <input_file_ref idref="fl-d8"/>
      </object_component>
      <object_component id="oc-371">
         <name>.debug_info</name>
         <load_address>0x18add</load_address>
         <run_address>0x18add</run_address>
         <size>0x28f</size>
         <input_file_ref idref="fl-d9"/>
      </object_component>
      <object_component id="oc-325">
         <name>.debug_info</name>
         <load_address>0x18d6c</load_address>
         <run_address>0x18d6c</run_address>
         <size>0x18a</size>
         <input_file_ref idref="fl-d9"/>
      </object_component>
      <object_component id="oc-39a">
         <name>.debug_info</name>
         <load_address>0x18ef6</load_address>
         <run_address>0x18ef6</run_address>
         <size>0x39</size>
         <input_file_ref idref="fl-d9"/>
      </object_component>
      <object_component id="oc-372">
         <name>.debug_info</name>
         <load_address>0x18f2f</load_address>
         <run_address>0x18f2f</run_address>
         <size>0x2c</size>
         <input_file_ref idref="fl-d9"/>
      </object_component>
      <object_component id="oc-37e">
         <name>.debug_info</name>
         <load_address>0x18f5b</load_address>
         <run_address>0x18f5b</run_address>
         <size>0x2f2</size>
         <input_file_ref idref="fl-da"/>
      </object_component>
      <object_component id="oc-32d">
         <name>.debug_info</name>
         <load_address>0x1924d</load_address>
         <run_address>0x1924d</run_address>
         <size>0x21a</size>
         <input_file_ref idref="fl-da"/>
      </object_component>
      <object_component id="oc-379">
         <name>.debug_info</name>
         <load_address>0x19467</load_address>
         <run_address>0x19467</run_address>
         <size>0x156</size>
         <input_file_ref idref="fl-db"/>
      </object_component>
      <object_component id="oc-33e">
         <name>.debug_info</name>
         <load_address>0x195bd</load_address>
         <run_address>0x195bd</run_address>
         <size>0x284</size>
         <input_file_ref idref="fl-dc"/>
      </object_component>
      <object_component id="oc-2a7">
         <name>.debug_info</name>
         <load_address>0x19841</load_address>
         <run_address>0x19841</run_address>
         <size>0x14f</size>
         <input_file_ref idref="fl-dc"/>
      </object_component>
      <object_component id="oc-383">
         <name>.debug_info</name>
         <load_address>0x19990</load_address>
         <run_address>0x19990</run_address>
         <size>0x46</size>
         <input_file_ref idref="fl-dc"/>
      </object_component>
      <object_component id="oc-339">
         <name>.debug_info</name>
         <load_address>0x199d6</load_address>
         <run_address>0x199d6</run_address>
         <size>0x39</size>
         <input_file_ref idref="fl-dc"/>
      </object_component>
      <object_component id="oc-304">
         <name>.debug_info</name>
         <load_address>0x19a0f</load_address>
         <run_address>0x19a0f</run_address>
         <size>0x144</size>
         <input_file_ref idref="fl-dd"/>
      </object_component>
      <object_component id="oc-282">
         <name>.debug_info</name>
         <load_address>0x19b53</load_address>
         <run_address>0x19b53</run_address>
         <size>0x120</size>
         <input_file_ref idref="fl-de"/>
      </object_component>
      <object_component id="oc-2f0">
         <name>.debug_info</name>
         <load_address>0x19c73</load_address>
         <run_address>0x19c73</run_address>
         <size>0x122</size>
         <input_file_ref idref="fl-de"/>
      </object_component>
      <object_component id="oc-2ea">
         <name>.debug_info</name>
         <load_address>0x19d95</load_address>
         <run_address>0x19d95</run_address>
         <size>0x132</size>
         <input_file_ref idref="fl-df"/>
      </object_component>
      <object_component id="oc-2e5">
         <name>.debug_info</name>
         <load_address>0x19ec7</load_address>
         <run_address>0x19ec7</run_address>
         <size>0x132</size>
         <input_file_ref idref="fl-e0"/>
      </object_component>
      <object_component id="oc-2f5">
         <name>.debug_info</name>
         <load_address>0x19ff9</load_address>
         <run_address>0x19ff9</run_address>
         <size>0x126</size>
         <input_file_ref idref="fl-e1"/>
      </object_component>
      <object_component id="oc-2ff">
         <name>.debug_info</name>
         <load_address>0x1a11f</load_address>
         <run_address>0x1a11f</run_address>
         <size>0x124</size>
         <input_file_ref idref="fl-e2"/>
      </object_component>
      <object_component id="oc-2de">
         <name>.debug_info</name>
         <load_address>0x1a243</load_address>
         <run_address>0x1a243</run_address>
         <size>0x12c</size>
         <input_file_ref idref="fl-e3"/>
      </object_component>
      <object_component id="oc-343">
         <name>.debug_info</name>
         <load_address>0x1a36f</load_address>
         <run_address>0x1a36f</run_address>
         <size>0x27e</size>
         <input_file_ref idref="fl-e4"/>
      </object_component>
      <object_component id="oc-340">
         <name>.debug_info</name>
         <load_address>0x1a5ed</load_address>
         <run_address>0x1a5ed</run_address>
         <size>0x103</size>
         <input_file_ref idref="fl-e4"/>
      </object_component>
      <object_component id="oc-2ab">
         <name>.debug_info</name>
         <load_address>0x1a6f0</load_address>
         <run_address>0x1a6f0</run_address>
         <size>0x143</size>
         <input_file_ref idref="fl-e4"/>
      </object_component>
      <object_component id="oc-35f">
         <name>.debug_info</name>
         <load_address>0x1a833</load_address>
         <run_address>0x1a833</run_address>
         <size>0x10d</size>
         <input_file_ref idref="fl-e5"/>
      </object_component>
      <object_component id="oc-3d1">
         <name>.debug_info</name>
         <load_address>0x1a940</load_address>
         <run_address>0x1a940</run_address>
         <size>0xb0</size>
      </object_component>
      <object_component id="oc-1fb">
         <name>.debug_line</name>
         <load_address>0x0</load_address>
         <run_address>0x0</run_address>
         <size>0xb8</size>
         <input_file_ref idref="fl-2"/>
      </object_component>
      <object_component id="oc-1d8">
         <name>.debug_line</name>
         <load_address>0xb8</load_address>
         <run_address>0xb8</run_address>
         <size>0x2f</size>
         <input_file_ref idref="fl-2"/>
      </object_component>
      <object_component id="oc-1da">
         <name>.debug_line</name>
         <load_address>0xe7</load_address>
         <run_address>0xe7</run_address>
         <size>0x2f</size>
         <input_file_ref idref="fl-2"/>
      </object_component>
      <object_component id="oc-1dc">
         <name>.debug_line</name>
         <load_address>0x116</load_address>
         <run_address>0x116</run_address>
         <size>0x2f</size>
         <input_file_ref idref="fl-2"/>
      </object_component>
      <object_component id="oc-1f7">
         <name>.debug_line</name>
         <load_address>0x145</load_address>
         <run_address>0x145</run_address>
         <size>0x2f</size>
         <input_file_ref idref="fl-2"/>
      </object_component>
      <object_component id="oc-1f9">
         <name>.debug_line</name>
         <load_address>0x174</load_address>
         <run_address>0x174</run_address>
         <size>0x2f</size>
         <input_file_ref idref="fl-2"/>
      </object_component>
      <object_component id="oc-b5">
         <name>.debug_line</name>
         <load_address>0x1a3</load_address>
         <run_address>0x1a3</run_address>
         <size>0x4e3</size>
         <input_file_ref idref="fl-2"/>
      </object_component>
      <object_component id="oc-199">
         <name>.debug_line</name>
         <load_address>0x686</load_address>
         <run_address>0x686</run_address>
         <size>0x55</size>
         <input_file_ref idref="fl-2"/>
      </object_component>
      <object_component id="oc-e0">
         <name>.debug_line</name>
         <load_address>0x6db</load_address>
         <run_address>0x6db</run_address>
         <size>0x69</size>
         <input_file_ref idref="fl-2"/>
      </object_component>
      <object_component id="oc-1ff">
         <name>.debug_line</name>
         <load_address>0x744</load_address>
         <run_address>0x744</run_address>
         <size>0x52</size>
         <input_file_ref idref="fl-2"/>
      </object_component>
      <object_component id="oc-2e">
         <name>.debug_line</name>
         <load_address>0x796</load_address>
         <run_address>0x796</run_address>
         <size>0x20</size>
         <input_file_ref idref="fl-2"/>
      </object_component>
      <object_component id="oc-1a0">
         <name>.debug_line</name>
         <load_address>0x7b6</load_address>
         <run_address>0x7b6</run_address>
         <size>0x6d</size>
         <input_file_ref idref="fl-2"/>
      </object_component>
      <object_component id="oc-d9">
         <name>.debug_line</name>
         <load_address>0x823</load_address>
         <run_address>0x823</run_address>
         <size>0x6a</size>
         <input_file_ref idref="fl-2"/>
      </object_component>
      <object_component id="oc-204">
         <name>.debug_line</name>
         <load_address>0x88d</load_address>
         <run_address>0x88d</run_address>
         <size>0x64</size>
         <input_file_ref idref="fl-2"/>
      </object_component>
      <object_component id="oc-1f4">
         <name>.debug_line</name>
         <load_address>0x8f1</load_address>
         <run_address>0x8f1</run_address>
         <size>0x65</size>
         <input_file_ref idref="fl-2"/>
      </object_component>
      <object_component id="oc-181">
         <name>.debug_line</name>
         <load_address>0x956</load_address>
         <run_address>0x956</run_address>
         <size>0x2f</size>
         <input_file_ref idref="fl-2"/>
      </object_component>
      <object_component id="oc-190">
         <name>.debug_line</name>
         <load_address>0x985</load_address>
         <run_address>0x985</run_address>
         <size>0x9a</size>
         <input_file_ref idref="fl-3"/>
      </object_component>
      <object_component id="oc-19c">
         <name>.debug_line</name>
         <load_address>0xa1f</load_address>
         <run_address>0xa1f</run_address>
         <size>0x35</size>
         <input_file_ref idref="fl-3"/>
      </object_component>
      <object_component id="oc-6a">
         <name>.debug_line</name>
         <load_address>0xa54</load_address>
         <run_address>0xa54</run_address>
         <size>0x199</size>
         <input_file_ref idref="fl-3"/>
      </object_component>
      <object_component id="oc-194">
         <name>.debug_line</name>
         <load_address>0xbed</load_address>
         <run_address>0xbed</run_address>
         <size>0x52</size>
         <input_file_ref idref="fl-3"/>
      </object_component>
      <object_component id="oc-d4">
         <name>.debug_line</name>
         <load_address>0xc3f</load_address>
         <run_address>0xc3f</run_address>
         <size>0x20</size>
         <input_file_ref idref="fl-3"/>
      </object_component>
      <object_component id="oc-217">
         <name>.debug_line</name>
         <load_address>0xc5f</load_address>
         <run_address>0xc5f</run_address>
         <size>0x2f</size>
         <input_file_ref idref="fl-4"/>
      </object_component>
      <object_component id="oc-20b">
         <name>.debug_line</name>
         <load_address>0xc8e</load_address>
         <run_address>0xc8e</run_address>
         <size>0x2f</size>
         <input_file_ref idref="fl-4"/>
      </object_component>
      <object_component id="oc-215">
         <name>.debug_line</name>
         <load_address>0xcbd</load_address>
         <run_address>0xcbd</run_address>
         <size>0x2f</size>
         <input_file_ref idref="fl-4"/>
      </object_component>
      <object_component id="oc-207">
         <name>.debug_line</name>
         <load_address>0xcec</load_address>
         <run_address>0xcec</run_address>
         <size>0x2f</size>
         <input_file_ref idref="fl-4"/>
      </object_component>
      <object_component id="oc-209">
         <name>.debug_line</name>
         <load_address>0xd1b</load_address>
         <run_address>0xd1b</run_address>
         <size>0x2f</size>
         <input_file_ref idref="fl-4"/>
      </object_component>
      <object_component id="oc-20d">
         <name>.debug_line</name>
         <load_address>0xd4a</load_address>
         <run_address>0xd4a</run_address>
         <size>0x2f</size>
         <input_file_ref idref="fl-4"/>
      </object_component>
      <object_component id="oc-20f">
         <name>.debug_line</name>
         <load_address>0xd79</load_address>
         <run_address>0xd79</run_address>
         <size>0x2f</size>
         <input_file_ref idref="fl-4"/>
      </object_component>
      <object_component id="oc-211">
[...]
         <value>0x20000053</value>
         <object_component_ref idref="oc-cd"/>
      </symbol>
      <symbol id="sm-17b">
         <name>main</name>
         <value>0x16aad</value>
         <object_component_ref idref="oc-66"/>
      </symbol>
      <symbol id="sm-17c">
         <name>direction</name>
         <value>0x20000056</value>
         <object_component_ref idref="oc-cd"/>
      </symbol>
      <symbol id="sm-17d">
         <name>contact1</name>
         <value>0x20000054</value>
         <object_component_ref idref="oc-cd"/>
      </symbol>
      <symbol id="sm-17e">
         <name>contact2</name>
         <value>0x20000055</value>
         <object_component_ref idref="oc-cd"/>
      </symbol>
      <symbol id="sm-17f">
         <name>PORT6_IRQHandler</name>
         <value>0x16ce7</value>
         <object_component_ref idref="oc-66"/>
      </symbol>
      <symbol id="sm-2cc">
         <name>Message</name>
         <value>0x20000000</value>
      </symbol>
      <symbol id="sm-2cd">
         <name>Messageindex</name>
         <value>0x20000014</value>
      </symbol>
      <symbol id="sm-2ce">
         <name>Ymax</name>
         <value>0x20000020</value>
      </symbol>
      <symbol id="sm-2cf">
         <name>Ymin</name>
         <value>0x20000024</value>
      </symbol>
      <symbol id="sm-2d0">
         <name>X</name>
         <value>0x2000001c</value>
      </symbol>
      <symbol id="sm-2d1">
         <name>Yrange</name>
         <value>0x20000028</value>
      </symbol>
      <symbol id="sm-2d2">
         <name>Output_On</name>
         <value>0x149f5</value>
         <object_component_ref idref="oc-b7"/>
      </symbol>
      <symbol id="sm-2d3">
         <name>ST7735_InitR</name>
         <value>0x138cd</value>
         <object_component_ref idref="oc-b7"/>
      </symbol>
      <symbol id="sm-2d4">
         <name>ST7735_InitB</name>
         <value>0x138ad</value>
         <object_component_ref idref="oc-b7"/>
      </symbol>
      <symbol id="sm-2d5">
         <name>Output_Clear</name>
         <value>0x149e3</value>
         <object_component_ref idref="oc-b7"/>
      </symbol>
      <symbol id="sm-2d6">
         <name>Delay1ms</name>
         <value>0x1371f</value>
         <object_component_ref idref="oc-b7"/>
      </symbol>
      <symbol id="sm-2d7">
         <name>ST7735_PlotBar</name>
         <value>0x147c5</value>
         <object_component_ref idref="oc-b7"/>
      </symbol>
      <symbol id="sm-2d8">
         <name>ST7735_Color565</name>
         <value>0x13d01</value>
         <object_component_ref idref="oc-b7"/>
      </symbol>
      <symbol id="sm-2d9">
         <name>ST7735_DrawFastVLine</name>
         <value>0x13a3b</value>
         <object_component_ref idref="oc-b7"/>
      </symbol>
      <symbol id="sm-2da">
         <name>ST7735_DrawChar</name>
         <value>0x140d9</value>
         <object_component_ref idref="oc-b7"/>
      </symbol>
      <symbol id="sm-2db">
         <name>ST7735_PlotPoints</name>
         <value>0x146ef</value>
         <object_component_ref idref="oc-b7"/>
      </symbol>
      <symbol id="sm-2dc">
         <name>Output_Init</name>
         <value>0x149d3</value>
         <object_component_ref idref="oc-b7"/>
      </symbol>
      <symbol id="sm-2dd">
         <name>ST7735_PlotNext</name>
         <value>0x14865</value>
         <object_component_ref idref="oc-b7"/>
      </symbol>
      <symbol id="sm-2de">
         <name>Output_Off</name>
         <value>0x149ed</value>
         <object_component_ref idref="oc-b7"/>
      </symbol>
      <symbol id="sm-2df">
         <name>ST7735_OutChar</name>
         <value>0x148b9</value>
         <object_component_ref idref="oc-b7"/>
      </symbol>
      <symbol id="sm-2e0">
         <name>ST7735_SetTextColor</name>
         <value>0x14993</value>
         <object_component_ref idref="oc-b7"/>
      </symbol>
      <symbol id="sm-2e1">
         <name>ST7735_DrawCharS</name>
         <value>0x13f63</value>
         <object_component_ref idref="oc-b7"/>
      </symbol>
      <symbol id="sm-2e2">
         <name>Output_Color</name>
         <value>0x149fd</value>
         <object_component_ref idref="oc-b7"/>
      </symbol>
      <symbol id="sm-2e3">
         <name>ST7735_FillScreen</name>
         <value>0x13bb1</value>
         <object_component_ref idref="oc-b7"/>
      </symbol>
      <symbol id="sm-2e4">
         <name>ferror</name>
         <value>0x149c5</value>
         <object_component_ref idref="oc-b7"/>
      </symbol>
      <symbol id="sm-2e5">
         <name>ST7735_PlotdBfs</name>
         <value>0x1481b</value>
         <object_component_ref idref="oc-b7"/>
      </symbol>
      <symbol id="sm-2e6">
         <name>ST7735_SetCursor</name>
         <value>0x1430f</value>
         <object_component_ref idref="oc-b7"/>
      </symbol>
      <symbol id="sm-2e7">
         <name>StTextColor</name>
         <value>0x2000003c</value>
         <object_component_ref idref="oc-160"/>
      </symbol>
      <symbol id="sm-2e8">
         <name>ST7735_OutUDec</name>
         <value>0x14335</value>
         <object_component_ref idref="oc-b7"/>
      </symbol>
      <symbol id="sm-2e9">
         <name>fillmessage</name>
         <value>0x142cd</value>
         <object_component_ref idref="oc-b7"/>
      </symbol>
      <symbol id="sm-2ea">
         <name>ST7735_DrawPixel</name>
         <value>0x139e1</value>
         <object_component_ref idref="oc-b7"/>
      </symbol>
      <symbol id="sm-2eb">
         <name>parrotdelay</name>
         <value>0x13711</value>
         <object_component_ref idref="oc-b7"/>
      </symbol>
      <symbol id="sm-2ec">
         <name>StY</name>
         <value>0x20000038</value>
         <object_component_ref idref="oc-160"/>
      </symbol>
      <symbol id="sm-2ed">
         <name>StX</name>
         <value>0x20000034</value>
         <object_component_ref idref="oc-160"/>
      </symbol>
      <symbol id="sm-2ee">
         <name>lastj</name>
         <value>0x20000044</value>
         <object_component_ref idref="oc-160"/>
      </symbol>
      <symbol id="sm-2ef">
         <name>ST7735_PlotClear</name>
         <value>0x14493</value>
         <object_component_ref idref="oc-b7"/>
      </symbol>
      <symbol id="sm-2f0">
         <name>ST7735_PlotNextErase</name>
         <value>0x1487f</value>
         <object_component_ref idref="oc-b7"/>
      </symbol>
      <symbol id="sm-2f1">
         <name>ST7735_DrawBitmap</name>
         <value>0x13d65</value>
         <object_component_ref idref="oc-b7"/>
      </symbol>
      <symbol id="sm-2f2">
         <name>dBfs</name>
         <value>0x1323b</value>
         <object_component_ref idref="oc-17a"/>
      </symbol>
      <symbol id="sm-2f3">
         <name>ST7735_SetRotation</name>
         <value>0x143b1</value>
         <object_component_ref idref="oc-b7"/>
      </symbol>
      <symbol id="sm-2f4">
         <name>ST7735_SwapColor</name>
         <value>0x13d35</value>
         <object_component_ref idref="oc-b7"/>
      </symbol>
      <symbol id="sm-2f5">
         <name>ST7735_PlotLine</name>
         <value>0x145b5</value>
         <object_component_ref idref="oc-b7"/>
      </symbol>
      <symbol id="sm-2f6">
         <name>ST7735_DrawString</name>
         <value>0x14247</value>
         <object_component_ref idref="oc-b7"/>
      </symbol>
      <symbol id="sm-2f7">
         <name>ST7735_FillRect</name>
         <value>0x13bf5</value>
         <object_component_ref idref="oc-b7"/>
      </symbol>
      <symbol id="sm-2f8">
         <name>ST7735_PlotPoint</name>
         <value>0x144ef</value>
         <object_component_ref idref="oc-b7"/>
      </symbol>
      <symbol id="sm-2f9">
         <name>fputc</name>
         <value>0x149a7</value>
         <object_component_ref idref="oc-b7"/>
      </symbol>
      <symbol id="sm-2fa">
         <name>fgetc</name>
         <value>0x149b9</value>
         <object_component_ref idref="oc-b7"/>
      </symbol>
      <symbol id="sm-2fb">
         <name>ST7735_InvertDisplay</name>
         <value>0x1447b</value>
         <object_component_ref idref="oc-b7"/>
      </symbol>
      <symbol id="sm-2fc">
         <name>ST7735_DrawFastHLine</name>
         <value>0x13af9</value>
         <object_component_ref idref="oc-b7"/>
      </symbol>
      <symbol id="sm-2fd">
         <name>ST7735_OutString</name>
         <value>0x14975</value>
         <object_component_ref idref="oc-b7"/>
      </symbol>
      <symbol id="sm-31a">
         <name>interruptVectors</name>
         <value>0x0</value>
         <object_component_ref idref="oc-1f"/>
      </symbol>
      <symbol id="sm-361">
         <name>SystemInit</name>
         <value>0x169f9</value>
         <object_component_ref idref="oc-9e"/>
      </symbol>
      <symbol id="sm-362">
         <name>SystemCoreClockUpdate</name>
         <value>0x16785</value>
         <object_component_ref idref="oc-9e"/>
      </symbol>
      <symbol id="sm-363">
         <name>SystemCoreClock</name>
         <value>0x2000005c</value>
         <object_component_ref idref="oc-130"/>
      </symbol>
      <symbol id="sm-425">
         <name>CS_getMCLK</name>
         <value>0x1849d</value>
         <object_component_ref idref="oc-ab"/>
      </symbol>
      <symbol id="sm-426">
         <name>CS_clearInterruptFlag</name>
         <value>0x1845d</value>
         <object_component_ref idref="oc-1d0"/>
      </symbol>
      <symbol id="sm-427">
         <name>CS_startHFXT</name>
         <value>0x185c1</value>
         <object_component_ref idref="oc-c3"/>
      </symbol>
      <symbol id="sm-428">
         <name>CS_getDCOFrequency</name>
         <value>0x1786d</value>
         <object_component_ref idref="oc-1ca"/>
      </symbol>
      <symbol id="sm-429">
         <name>CS_setExternalClockSourceFrequency</name>
         <value>0x184fd</value>
         <object_component_ref idref="oc-bd"/>
      </symbol>
      <symbol id="sm-42a">
         <name>CS_getSMCLK</name>
         <value>0x184b5</value>
         <object_component_ref idref="oc-a5"/>
      </symbol>
      <symbol id="sm-42b">
         <name>CS_startHFXTWithTimeout</name>
         <value>0x17b21</value>
         <object_component_ref idref="oc-188"/>
      </symbol>
      <symbol id="sm-45f">
         <name>SysCtl_getNMISourceStatus</name>
         <value>0x185a1</value>
         <object_component_ref idref="oc-226"/>
      </symbol>
      <symbol id="sm-460">
         <name>SysCtl_enableNMISource</name>
         <value>0x18581</value>
         <object_component_ref idref="oc-238"/>
      </symbol>
      <symbol id="sm-461">
         <name>SysCtl_disableNMISource</name>
         <value>0x18571</value>
         <object_component_ref idref="oc-22c"/>
      </symbol>
      <symbol id="sm-462">
         <name>SysCtl_getTLVInfo</name>
         <value>0x181b9</value>
         <object_component_ref idref="oc-267"/>
      </symbol>
      <symbol id="sm-472">
         <name>__aeabi_memset</name>
         <value>0x17e99</value>
         <object_component_ref idref="oc-86"/>
      </symbol>
      <symbol id="sm-473">
         <name>memset</name>
         <value>0x17e9f</value>
         <object_component_ref idref="oc-86"/>
      </symbol>
      <symbol id="sm-474">
         <name>__aeabi_memset8</name>
         <value>0x17e99</value>
         <object_component_ref idref="oc-86"/>
      </symbol>
      <symbol id="sm-475">
         <name>__aeabi_memset4</name>
         <value>0x17e99</value>
         <object_component_ref idref="oc-86"/>
      </symbol>
      <symbol id="sm-476">
         <name>__aeabi_memclr8</name>
         <value>0x17e97</value>
         <object_component_ref idref="oc-86"/>
      </symbol>
      <symbol id="sm-477">
         <name>__aeabi_memclr4</name>
         <value>0x17e97</value>
         <object_component_ref idref="oc-86"/>
      </symbol>
      <symbol id="sm-478">
         <name>__aeabi_memclr</name>
         <value>0x17e97</value>
         <object_component_ref idref="oc-86"/>
      </symbol>
      <symbol id="sm-493">
         <name>memcpy</name>
         <value>0x17c59</value>
         <object_component_ref idref="oc-30"/>
      </symbol>
      <symbol id="sm-494">
         <name>__aeabi_memcpy</name>
         <value>0x17c59</value>
         <object_component_ref idref="oc-30"/>
      </symbol>
      <symbol id="sm-495">
         <name>__aeabi_memcpy8</name>
         <value>0x17c59</value>
         <object_component_ref idref="oc-30"/>
      </symbol>
      <symbol id="sm-496">
         <name>__aeabi_memcpy4</name>
         <value>0x17c59</value>
         <object_component_ref idref="oc-30"/>
      </symbol>
      <symbol id="sm-4af">
         <name>__TI_zero_init_nomemset</name>
         <value>0x18539</value>
         <object_component_ref idref="oc-3c"/>
      </symbol>
      <symbol id="sm-4c6">
         <name>__TI_decompress_none</name>
         <value>0x18591</value>
         <object_component_ref idref="oc-16"/>
      </symbol>
      <symbol id="sm-4e9">
         <name>__TI_decompress_lzss</name>
         <value>0x17fef</value>
         <object_component_ref idref="oc-10"/>
      </symbol>
      <symbol id="sm-4fc">
         <name>__stack</name>
         <value>0x2000fe00</value>
         <object_component_ref idref="oc-22"/>
      </symbol>
      <symbol id="sm-4fd">
         <name>_c_int00_noargs</name>
         <value>0x183f5</value>
         <object_component_ref idref="oc-4e"/>
      </symbol>
      <symbol id="sm-508">
         <name>C$$EXIT</name>
         <value>0x185cb</value>
         <object_component_ref idref="oc-f2"/>
      </symbol>
      <symbol id="sm-509">
         <name>abort</name>
         <value>0x185cb</value>
         <object_component_ref idref="oc-f2"/>
      </symbol>
      <symbol id="sm-532">
         <name>sprintf</name>
         <value>0x18375</value>
         <object_component_ref idref="oc-14c"/>
      </symbol>
      <symbol id="sm-55a">
         <name>__TI_auto_init_nobinit_nopinit</name>
         <value>0x18331</value>
         <object_component_ref idref="oc-fe"/>
      </symbol>
      <symbol id="sm-564">
         <name>_system_pre_init</name>
         <value>0x185c7</value>
         <object_component_ref idref="oc-8c"/>
      </symbol>
      <symbol id="sm-6ca">
         <name>__TI_printfi</name>
         <value>0x15d25</value>
         <object_component_ref idref="oc-1dd"/>
      </symbol>
      <symbol id="sm-6e0">
         <name>atoi</name>
         <value>0x18255</value>
         <object_component_ref idref="oc-275"/>
      </symbol>
      <symbol id="sm-6eb">
         <name>_ctypes_</name>
         <value>0x1343b</value>
         <object_component_ref idref="oc-2d8"/>
      </symbol>
      <symbol id="sm-6fa">
         <name>ltoa</name>
         <value>0x18113</value>
         <object_component_ref idref="oc-2f8"/>
      </symbol>
      <symbol id="sm-70a">
         <name>memccpy</name>
         <value>0x18481</value>
         <object_component_ref idref="oc-29e"/>
      </symbol>
      <symbol id="sm-71a">
         <name>strchr</name>
         <value>0x184e5</value>
         <object_component_ref idref="oc-32f"/>
      </symbol>
      <symbol id="sm-728">
         <name>strlen</name>
         <value>0x18525</value>
         <object_component_ref idref="oc-26f"/>
      </symbol>
      <symbol id="sm-748">
         <name>frexpl</name>
         <value>0x18059</value>
         <object_component_ref idref="oc-323"/>
      </symbol>
      <symbol id="sm-749">
         <name>frexp</name>
         <value>0x18059</value>
         <object_component_ref idref="oc-323"/>
      </symbol>
      <symbol id="sm-766">
         <name>scalbn</name>
         <value>0x1775d</value>
         <object_component_ref idref="oc-329"/>
      </symbol>
      <symbol id="sm-767">
         <name>scalbnl</name>
         <value>0x1775d</value>
         <object_component_ref idref="oc-329"/>
      </symbol>
      <symbol id="sm-768">
         <name>ldexpl</name>
         <value>0x1775d</value>
         <object_component_ref idref="oc-329"/>
      </symbol>
      <symbol id="sm-769">
         <name>ldexp</name>
         <value>0x1775d</value>
         <object_component_ref idref="oc-329"/>
      </symbol>
      <symbol id="sm-773">
         <name>copysign</name>
         <value>0x18511</value>
         <object_component_ref idref="oc-377"/>
      </symbol>
      <symbol id="sm-774">
         <name>copysignl</name>
         <value>0x18511</value>
         <object_component_ref idref="oc-377"/>
      </symbol>
      <symbol id="sm-78d">
         <name>wcslen</name>
         <value>0x1855d</value>
         <object_component_ref idref="oc-2a4"/>
      </symbol>
      <symbol id="sm-7a4">
         <name>__aeabi_dsub</name>
         <value>0x17211</value>
         <object_component_ref idref="oc-303"/>
      </symbol>
      <symbol id="sm-7a5">
         <name>__aeabi_dadd</name>
         <value>0x1721b</value>
         <object_component_ref idref="oc-303"/>
      </symbol>
      <symbol id="sm-7c7">
         <name>__aeabi_cdcmpeq</name>
         <value>0x17d8b</value>
         <object_component_ref idref="oc-281"/>
      </symbol>
      <symbol id="sm-7c8">
         <name>__aeabi_cdcmple</name>
         <value>0x17d8b</value>
         <object_component_ref idref="oc-281"/>
      </symbol>
      <symbol id="sm-7c9">
         <name>__aeabi_cdrcmple</name>
         <value>0x17e11</value>
         <object_component_ref idref="oc-2ee"/>
      </symbol>
      <symbol id="sm-7dd">
         <name>__aeabi_ddiv</name>
         <value>0x17505</value>
         <object_component_ref idref="oc-2e9"/>
      </symbol>
      <symbol id="sm-7e8">
         <name>__aeabi_dmul</name>
         <value>0x17971</value>
         <object_component_ref idref="oc-2e4"/>
      </symbol>
      <symbol id="sm-7f2">
         <name>__aeabi_d2iz</name>
         <value>0x182e9</value>
         <object_component_ref idref="oc-2f3"/>
      </symbol>
      <symbol id="sm-7fc">
         <name>__aeabi_i2d</name>
         <value>0x1842d</value>
         <object_component_ref idref="oc-2fe"/>
      </symbol>
      <symbol id="sm-809">
         <name>__aeabi_uldivmod</name>
         <value>0x17cf5</value>
         <object_component_ref idref="oc-2dd"/>
      </symbol>
      <symbol id="sm-81f">
         <name>__aeabi_errno_addr</name>
         <value>0x185b9</value>
         <object_component_ref idref="oc-2aa"/>
      </symbol>
      <symbol id="sm-820">
         <name>errno</name>
         <value>0x20000058</value>
         <object_component_ref idref="oc-33f"/>
      </symbol>
      <symbol id="sm-82a">
         <name>__aeabi_idiv0</name>
         <value>0x16783</value>
         <object_component_ref idref="oc-35e"/>
      </symbol>
      <symbol id="sm-82b">
         <name>__aeabi_ldiv0</name>
         <value>0x16783</value>
         <object_component_ref idref="oc-35e"/>
      </symbol>
      <symbol id="sm-82c">
         <name>__TI_static_base__</name>
         <value>0x0</value>
      </symbol>
      <symbol id="sm-82f">
         <name>__mpu_init</name>
         <value>0x0</value>
      </symbol>
      <symbol id="sm-830">
         <name>_system_post_cinit</name>
         <value>0x0</value>
      </symbol>
   </symbol_table>
   <title>Link successful</title>
</link_info>
