******************************************************************************
                  TI ARM Linker PC v18.1.2                     
******************************************************************************
>> Linked Thu Nov  8 20:17:59 2018

OUTPUT FILE NAME:   <EGR_326_LCD_Menu_Test.out>
ENTRY POINT SYMBOL: "_c_int00_noargs"  address: 000183f5


MEMORY CONFIGURATION

         name            origin    length      used     unused   attr    fill
----------------------  --------  ---------  --------  --------  ----  --------
  MAIN                  00000000   00040000  00018613  000279ed  R  X
  INFO                  00200000   00004000  00000000  00004000  R  X
  SRAM_CODE             01000000   00010000  00000000  00010000  RW X
  SRAM_DATA             20000000   00010000  00000260  0000fda0  RW  


SEGMENT ALLOCATION MAP

run origin  load origin   length   init length attrs members
----------  ----------- ---------- ----------- ----- -------
00000000    00000000    00018618   00018618    r-x
  00000000    00000000    00000140   00000140    r-- .intvecs
  00000140    00000140    00013565   00013565    r-- .const
  000136a8    000136a8    00004f26   00004f26    r-x .text
  000185d0    000185d0    00000048   00000048    r-- .cinit
20000000    20000000    00000060   00000000    rw-
  20000000    20000000    00000034   00000000    rw- .bss
  20000034    20000034    0000002c   00000000    rw- .data
2000fe00    2000fe00    00000200   00000000    rw-
  2000fe00    2000fe00    00000200   00000000    rw- .stack


SECTION ALLOCATION MAP

 output                                  attributes/
section   page    origin      length       input sections
--------  ----  ----------  ----------   ----------------
.intvecs   0    00000000    00000140     
                  00000000    00000140     startup_msp432p401r_ccs.obj (.intvecs:retain)

.const     0    00000140    00013565     
                  00000140    00009600     Images.obj (.const:$P$T0$1)
                  00009740    00009600     Images.obj (.const:$P$T4$12)
                  00012d40    000004fb     ST7735.obj (.const:.string:Font)
                  0001323b    00000200     ST7735.obj (.const:.string:dBfs)
                  0001343b    00000101     rtsv7M4_T_le_v4SPD16_eabi.lib : ctype.c.obj (.const:.string:_ctypes_)
                  0001353c    00000067     ST7735.obj (.const:.string:Bcmd)
                  000135a3    00000050     Images.obj (.const:$P$T2$8)
                  000135f3    0000003b     ST7735.obj (.const:.string:Rcmd1)
                  0001362e    0000002b     ST7735.obj (.const:.string:Rcmd3)
                  00013659    00000028     Images.obj (.const:$P$T1$3)
                  00013681    0000000d     ST7735.obj (.const:.string:Rcmd2green)
                  0001368e    0000000d     ST7735.obj (.const:.string:Rcmd2red)
                  0001369b    0000000a     Images.obj (.const:.string:$P$T3$11)

.text      0    000136a8    00004f26     
                  000136a8    0000139c     ST7735.obj (.text)
                  00014a44    000012e0     Images.obj (.text)
                  00015d24    00000a5e     rtsv7M4_T_le_v4SPD16_eabi.lib : _printfi.c.obj (.text:__TI_printfi)
                  00016782    00000002                                   : div0.asm.obj (.text)
                  00016784    00000328     system_msp432p401r.obj (.text)
                  00016aac    00000324     Menu_testing.obj (.text)
                  00016dd0    00000270     rtsv7M4_T_le_v4SPD16_eabi.lib : _printfi.c.obj (.text:_pconv_a)
                  00017040    000001d0                                   : _printfi.c.obj (.text:_pconv_g)
                  00017210    000001b6                                   : fd_add_t2.asm.obj (.text)
                  000173c6    00000002     --HOLE-- [fill = 0]
                  000173c8    0000013c                                   : _printfi.c.obj (.text:_pconv_e)
                  00017504    00000136                                   : fd_div_t2.asm.obj (.text)
                  0001763a    00000002     --HOLE-- [fill = 0]
                  0001763c    00000120                                   : _printfi.c.obj (.text:fcvt)
                  0001775c    00000110                                   : s_scalbn.c.obj (.text:scalbn)
                  0001786c    00000104     msp432p4xx_driverlib.lib : cs.o (.text:CS_getDCOFrequency)
                  00017970    000000fc     rtsv7M4_T_le_v4SPD16_eabi.lib : fd_mul_t2.asm.obj (.text)
                  00017a6c    000000b1                                   : _printfi.c.obj (.text:_ltostr)
                  00017b1d    00000003     --HOLE-- [fill = 0]
                  00017b20    0000009c     msp432p4xx_driverlib.lib : cs.o (.text:CS_startHFXTWithTimeout)
                  00017bbc    0000009c                              : cs.o (.text:_CSComputeCLKFrequency)
                  00017c58    0000009c     rtsv7M4_T_le_v4SPD16_eabi.lib : memcpy_t2.asm.obj (.text)
                  00017cf4    00000096                                   : ull_div_t2.asm.obj (.text)
                  00017d8a    00000086                                   : fd_cmp_t2.asm.obj (.text:__aeabi_cdcmple)
                  00017e10    00000086                                   : fd_cmp_t2.asm.obj (.text:__aeabi_cdrcmple)
                  00017e96    0000007a                                   : memset_t2.asm.obj (.text)
                  00017f10    00000070     msp432p4xx_driverlib.lib : cs.o (.text:_CSGetHFXTFrequency)
                  00017f80    0000006e     rtsv7M4_T_le_v4SPD16_eabi.lib : _printfi.c.obj (.text:_mcpy)
                  00017fee    00000068                                   : copy_decompress_lzss.c.obj (.text:decompress:lzss:__TI_decompress_lzss)
                  00018056    00000002     --HOLE-- [fill = 0]
                  00018058    00000064                                   : s_frexp.c.obj (.text:frexp)
                  000180bc    00000056                                   : _printfi.c.obj (.text:_pconv_f)
                  00018112    00000054                                   : ltoa.c.obj (.text:ltoa)
                  00018166    00000052                                   : _printfi.c.obj (.text:_ecpy)
                  000181b8    00000050     msp432p4xx_driverlib.lib : sysctl.o (.text:SysCtl_getTLVInfo)
                  00018208    0000004c                              : cs.o (.text:_CSGetDOCFrequency)
                  00018254    0000004c     rtsv7M4_T_le_v4SPD16_eabi.lib : atoi.c.obj (.text:atoi)
                  000182a0    00000048     msp432p4xx_driverlib.lib : cs.o (.text:_CSGetDividerValue)
                  000182e8    00000048     rtsv7M4_T_le_v4SPD16_eabi.lib : fd_toi_t2.asm.obj (.text)
                  00018330    00000044                                   : autoinit.c.obj (.text:__TI_auto_init_nobinit_nopinit:__TI_auto_init_nobinit_nopinit)
                  00018374    00000040                                   : sprintf.c.obj (.text:sprintf)
                  000183b4    0000003e                                   : _printfi.c.obj (.text:_fcpy)
                  000183f2    00000002     --HOLE-- [fill = 0]
                  000183f4    00000038                                   : boot_cortex_m.c.obj (.text:_c_int00_noargs:_c_int00_noargs)
                  0001842c    0000002e                                   : i_tofd_t2.asm.obj (.text)
                  0001845a    00000002     --HOLE-- [fill = 0]
                  0001845c    00000024     msp432p4xx_driverlib.lib : cs.o (.text:CS_clearInterruptFlag)
                  00018480    0000001c     rtsv7M4_T_le_v4SPD16_eabi.lib : memccpy.c.obj (.text:memccpy)
                  0001849c    00000018     msp432p4xx_driverlib.lib : cs.o (.text:CS_getMCLK)
                  000184b4    00000018                              : cs.o (.text:CS_getSMCLK)
                  000184cc    00000018     rtsv7M4_T_le_v4SPD16_eabi.lib : sprintf.c.obj (.text:_outs)
                  000184e4    00000016                                   : strchr.c.obj (.text:strchr)
                  000184fa    00000002     --HOLE-- [fill = 0]
                  000184fc    00000014     msp432p4xx_driverlib.lib : cs.o (.text:CS_setExternalClockSourceFrequency)
                  00018510    00000014     rtsv7M4_T_le_v4SPD16_eabi.lib : s_copysign.c.obj (.text:copysign)
                  00018524    00000014                                   : strlen.c.obj (.text:strlen)
                  00018538    00000012                                   : copy_zero_init.c.obj (.text:decompress:ZI:__TI_zero_init_nomemset:__TI_zero_init_nomemset)
                  0001854a    00000012     startup_msp432p401r_ccs.obj (.text)
                  0001855c    00000012     rtsv7M4_T_le_v4SPD16_eabi.lib : wcslen.c.obj (.text:wcslen)
                  0001856e    00000002     --HOLE-- [fill = 0]
                  00018570    00000010     msp432p4xx_driverlib.lib : sysctl.o (.text:SysCtl_disableNMISource)
                  00018580    00000010                              : sysctl.o (.text:SysCtl_enableNMISource)
                  00018590    0000000e     rtsv7M4_T_le_v4SPD16_eabi.lib : copy_decompress_none.c.obj (.text:decompress:none:__TI_decompress_none)
                  0001859e    00000002     --HOLE-- [fill = 0]
                  000185a0    0000000c     msp432p4xx_driverlib.lib : sysctl.o (.text:SysCtl_getNMISourceStatus)
                  000185ac    0000000a     rtsv7M4_T_le_v4SPD16_eabi.lib : sprintf.c.obj (.text:_outc)
                  000185b6    00000002     --HOLE-- [fill = 0]
                  000185b8    00000008                                   : errno.c.obj (.text:__aeabi_errno_addr)
                  000185c0    00000006     msp432p4xx_driverlib.lib : cs.o (.text:CS_startHFXT)
                  000185c6    00000004     rtsv7M4_T_le_v4SPD16_eabi.lib : pre_init.c.obj (.text:_system_pre_init)
                  000185ca    00000004                                   : exit.c.obj (.text:abort:abort)

.cinit     0    000185d0    00000048     
                  000185d0    00000020     (.cinit..data.load) [load image, compression = lzss]
                  000185f0    0000000c     (__TI_handler_table)
                  000185fc    00000004     --HOLE-- [fill = 0]
                  00018600    00000008     (.cinit..bss.load) [load image, compression = zero_init]
                  00018608    00000010     (__TI_cinit_table)

.init_array 
*          0    00000000    00000000     UNINITIALIZED

.bss       0    20000000    00000034     UNINITIALIZED
                  20000000    0000000c     (.common:Message)
                  2000000c    00000004     ST7735.obj (.bss)
                  20000010    00000004     (.common:MCLKfreq)
                  20000014    00000004     (.common:Messageindex)
                  20000018    00000004     (.common:SMCLKfreq)
                  2000001c    00000004     (.common:X)
                  20000020    00000004     (.common:Ymax)
                  20000024    00000004     (.common:Ymin)
                  20000028    00000004     (.common:Yrange)
                  2000002c    00000004     (.common:hfxtFreq)
                  20000030    00000004     (.common:lfxtFreq)

.data      0    20000034    0000002c     UNINITIALIZED
                  20000034    00000014     ST7735.obj (.data)
                  20000048    00000006     Images.obj (.data)
                  2000004e    00000005     Images.obj (.data:timeArray$4)
                  20000053    00000004     Menu_testing.obj (.data)
                  20000057    00000001     --HOLE--
                  20000058    00000004     rtsv7M4_T_le_v4SPD16_eabi.lib : errno.c.obj (.data)
                  2000005c    00000004     system_msp432p401r.obj (.data)

.stack     0    2000fe00    00000200     UNINITIALIZED
                  2000fe00    00000004     rtsv7M4_T_le_v4SPD16_eabi.lib : boot_cortex_m.c.obj (.stack)
                  2000fe04    000001fc     --HOLE--

MODULE SUMMARY

       Module                        code    ro data   rw data
       ------                        ----    -------   -------
    .\
       Images.obj                    4832    76930     11     
       ST7735.obj                    5020    2018      56     
       Menu_testing.obj              804     0         12     
       system_msp432p401r.obj        808     0         4      
       startup_msp432p401r_ccs.obj   18      320       0      
    +--+-----------------------------+-------+---------+---------+
       Total:                        11482   79268     83     
                                                              
    C:/ti/msp/MSP432Ware_3_50_00_02/driverlib/driverlib/MSP432P4xx/ccs/msp432p4xx_driverlib.lib
       cs.o                          942     0         8      
       sysctl.o                      124     0         0      
    +--+-----------------------------+-------+---------+---------+
       Total:                        1066    0         8      
                                                              
    C:\ti\ccsv8\tools\compiler\ti-cgt-arm_18.1.2.LTS\lib\rtsv7M4_T_le_v4SPD16_eabi.lib
       _printfi.c.obj                4863    0         0      
       fd_add_t2.asm.obj             438     0         0      
       fd_div_t2.asm.obj             310     0         0      
       s_scalbn.c.obj                272     0         0      
       fd_cmp_t2.asm.obj             268     0         0      
       ctype.c.obj                   0       257       0      
       fd_mul_t2.asm.obj             252     0         0      
       memcpy_t2.asm.obj             156     0         0      
       ull_div_t2.asm.obj            150     0         0      
       memset_t2.asm.obj             122     0         0      
       copy_decompress_lzss.c.obj    104     0         0      
       s_frexp.c.obj                 100     0         0      
       sprintf.c.obj                 98      0         0      
       ltoa.c.obj                    84      0         0      
       atoi.c.obj                    76      0         0      
       fd_toi_t2.asm.obj             72      0         0      
       autoinit.c.obj                68      0         0      
       boot_cortex_m.c.obj           56      0         0      
       i_tofd_t2.asm.obj             46      0         0      
       memccpy.c.obj                 28      0         0      
       strchr.c.obj                  22      0         0      
       s_copysign.c.obj              20      0         0      
       strlen.c.obj                  20      0         0      
       copy_zero_init.c.obj          18      0         0      
       wcslen.c.obj                  18      0         0      
       copy_decompress_none.c.obj    14      0         0      
       errno.c.obj                   8       0         4      
       exit.c.obj                    4       0         0      
       pre_init.c.obj                4       0         0      
       div0.asm.obj                  2       0         0      
    +--+-----------------------------+-------+---------+---------+
       Total:                        7693    257       4      
                                                              
       Stack:                        0       0         512    
       Linker Generated:             0       68        0      
    +--+-----------------------------+-------+---------+---------+
       Grand Total:                  20241   79593     607    


LINKER GENERATED COPY TABLES

__TI_cinit_table @ 00018608 records: 2, size/record: 8, table size: 16
	.data: load addr=000185d0, load size=00000020 bytes, run addr=20000034, run size=0000002c bytes, compression=lzss
	.bss: load addr=00018600, load size=00000008 bytes, run addr=20000000, run size=00000034 bytes, compression=zero_init


LINKER GENERATED HANDLER TABLE

__TI_handler_table @ 000185f0 records: 3, size/record: 4, table size: 12
	index: 0, handler: __TI_decompress_lzss
	index: 1, handler: __TI_decompress_none
	index: 2, handler: __TI_zero_init


GLOBAL SYMBOLS: SORTED ALPHABETICALLY BY Name 

address   name                              
-------   ----                              
000185cb  C$$EXIT                           
0001845d  CS_clearInterruptFlag             
0001786d  CS_getDCOFrequency                
0001849d  CS_getMCLK                        
000184b5  CS_getSMCLK                       
000184fd  CS_setExternalClockSourceFrequency
000185c1  CS_startHFXT                      
00017b21  CS_startHFXTWithTimeout           
0001371f  Delay1ms                          
20000010  MCLKfreq                          
20000000  Message                           
20000014  Messageindex                      
000149e3  Output_Clear                      
000149fd  Output_Color                      
000149d3  Output_Init                       
000149ed  Output_Off                        
000149f5  Output_On                         
00016caf  PORT1_IRQHandler                  
00016ce7  PORT6_IRQHandler                  
20000018  SMCLKfreq                         
00013d01  ST7735_Color565                   
00013d65  ST7735_DrawBitmap                 
000140d9  ST7735_DrawChar                   
00013f63  ST7735_DrawCharS                  
00013af9  ST7735_DrawFastHLine              
00013a3b  ST7735_DrawFastVLine              
000139e1  ST7735_DrawPixel                  
00014247  ST7735_DrawString                 
00013bf5  ST7735_FillRect                   
00013bb1  ST7735_FillScreen                 
000138ad  ST7735_InitB                      
000138cd  ST7735_InitR                      
0001447b  ST7735_InvertDisplay              
000148b9  ST7735_OutChar                    
00014975  ST7735_OutString                  
00014335  ST7735_OutUDec                    
000147c5  ST7735_PlotBar                    
00014493  ST7735_PlotClear                  
000145b5  ST7735_PlotLine                   
00014865  ST7735_PlotNext                   
0001487f  ST7735_PlotNextErase              
000144ef  ST7735_PlotPoint                  
000146ef  ST7735_PlotPoints                 
0001481b  ST7735_PlotdBfs                   
0001430f  ST7735_SetCursor                  
000143b1  ST7735_SetRotation                
00014993  ST7735_SetTextColor               
00013d35  ST7735_SwapColor                  
2000003c  StTextColor                       
20000034  StX                               
20000038  StY                               
00018571  SysCtl_disableNMISource           
00018581  SysCtl_enableNMISource            
000185a1  SysCtl_getNMISourceStatus         
000181b9  SysCtl_getTLVInfo                 
2000005c  SystemCoreClock                   
00016785  SystemCoreClockUpdate             
000169f9  SystemInit                        
00014a45  Systick_Init                      
4000480c  WDTCTL_SYM                        
2000001c  X                                 
20000020  Ymax                              
20000024  Ymin                              
20000028  Yrange                            
20010000  __STACK_END                       
00000200  __STACK_SIZE                      
00018608  __TI_CINIT_Base                   
00018618  __TI_CINIT_Limit                  
000185f0  __TI_Handler_Table_Base           
000185fc  __TI_Handler_Table_Limit          
00018331  __TI_auto_init_nobinit_nopinit    
00017fef  __TI_decompress_lzss              
00018591  __TI_decompress_none              
ffffffff  __TI_pprof_out_hndl               
00015d25  __TI_printfi                      
ffffffff  __TI_prof_data_size               
ffffffff  __TI_prof_data_start              
00000000  __TI_static_base__                
00018539  __TI_zero_init_nomemset           
00017d8b  __aeabi_cdcmpeq                   
00017d8b  __aeabi_cdcmple                   
00017e11  __aeabi_cdrcmple                  
000182e9  __aeabi_d2iz                      
0001721b  __aeabi_dadd                      
00017505  __aeabi_ddiv                      
00017971  __aeabi_dmul                      
00017211  __aeabi_dsub                      
000185b9  __aeabi_errno_addr                
0001842d  __aeabi_i2d                       
00016783  __aeabi_idiv0                     
00016783  __aeabi_ldiv0                     
00017e97  __aeabi_memclr                    
00017e97  __aeabi_memclr4                   
00017e97  __aeabi_memclr8                   
00017c59  __aeabi_memcpy                    
00017c59  __aeabi_memcpy4                   
00017c59  __aeabi_memcpy8                   
00017e99  __aeabi_memset                    
00017e99  __aeabi_memset4                   
00017e99  __aeabi_memset8                   
00017cf5  __aeabi_uldivmod                  
ffffffff  __binit__                         
ffffffff  __c_args__                        
UNDEFED   __mpu_init                        
2000fe00  __stack                           
000183f5  _c_int00_noargs                   
0001343b  _ctypes_                          
UNDEFED   _system_post_cinit                
000185c7  _system_pre_init                  
000185cb  abort                             
00018255  atoi                              
ffffffff  binit                             
00015c73  buddyCorp                         
00016be3  clockInit48MHzXTL                 
20000054  contact1                          
20000055  contact2                          
00018511  copysign                          
00018511  copysignl                         
00015a8d  countCorners                      
0001323b  dBfs                              
20000056  direction                         
20000058  errno                             
000149c5  ferror                            
000149b9  fgetc                             
000142cd  fillmessage                       
000149a7  fputc                             
00018059  frexp                             
00018059  frexpl                            
00014bf5  heihei                            
00015341  hourCounter                       
000154cd  idleScreen                        
00000000  interruptVectors                  
20000044  lastj                             
0001775d  ldexp                             
0001775d  ldexpl                            
00018113  ltoa                              
00016aad  main                              
00018481  memccpy                           
00017c59  memcpy                            
00017e9f  memset                            
20000053  nextDirection                     
00013711  parrotdelay                       
00016c3f  push_btn_init                     
00015c9d  rotaryPinInit                     
0001775d  scalbn                            
0001775d  scalbnl                           
000150bb  setTimeSubMenu                    
00018375  sprintf                           
000184e5  strchr                            
00018525  strlen                            
00014a61  systick_delay_ms                  
000159c7  topBannerPrint                    
0001855d  wcslen                            
00014abd  writeEGR                          
00014c35  writeMenu                         


GLOBAL SYMBOLS: SORTED BY Symbol Address 

address   name                              
-------   ----                              
00000000  __TI_static_base__                
00000000  interruptVectors                  
00000200  __STACK_SIZE                      
0001323b  dBfs                              
0001343b  _ctypes_                          
00013711  parrotdelay                       
0001371f  Delay1ms                          
000138ad  ST7735_InitB                      
000138cd  ST7735_InitR                      
000139e1  ST7735_DrawPixel                  
00013a3b  ST7735_DrawFastVLine              
00013af9  ST7735_DrawFastHLine              
00013bb1  ST7735_FillScreen                 
00013bf5  ST7735_FillRect                   
00013d01  ST7735_Color565                   
00013d35  ST7735_SwapColor                  
00013d65  ST7735_DrawBitmap                 
00013f63  ST7735_DrawCharS                  
000140d9  ST7735_DrawChar                   
00014247  ST7735_DrawString                 
000142cd  fillmessage                       
0001430f  ST7735_SetCursor                  
00014335  ST7735_OutUDec                    
000143b1  ST7735_SetRotation                
0001447b  ST7735_InvertDisplay              
00014493  ST7735_PlotClear                  
000144ef  ST7735_PlotPoint                  
000145b5  ST7735_PlotLine                   
000146ef  ST7735_PlotPoints                 
000147c5  ST7735_PlotBar                    
0001481b  ST7735_PlotdBfs                   
00014865  ST7735_PlotNext                   
0001487f  ST7735_PlotNextErase              
000148b9  ST7735_OutChar                    
00014975  ST7735_OutString                  
00014993  ST7735_SetTextColor               
000149a7  fputc                             
000149b9  fgetc                             
000149c5  ferror                            
000149d3  Output_Init                       
000149e3  Output_Clear                      
000149ed  Output_Off                        
000149f5  Output_On                         
000149fd  Output_Color                      
00014a45  Systick_Init                      
00014a61  systick_delay_ms                  
00014abd  writeEGR                          
00014bf5  heihei                            
00014c35  writeMenu                         
000150bb  setTimeSubMenu                    
00015341  hourCounter                       
000154cd  idleScreen                        
000159c7  topBannerPrint                    
00015a8d  countCorners                      
00015c73  buddyCorp                         
00015c9d  rotaryPinInit                     
00015d25  __TI_printfi                      
00016783  __aeabi_idiv0                     
00016783  __aeabi_ldiv0                     
00016785  SystemCoreClockUpdate             
000169f9  SystemInit                        
00016aad  main                              
00016be3  clockInit48MHzXTL                 
00016c3f  push_btn_init                     
00016caf  PORT1_IRQHandler                  
00016ce7  PORT6_IRQHandler                  
00017211  __aeabi_dsub                      
0001721b  __aeabi_dadd                      
00017505  __aeabi_ddiv                      
0001775d  ldexp                             
0001775d  ldexpl                            
0001775d  scalbn                            
0001775d  scalbnl                           
0001786d  CS_getDCOFrequency                
00017971  __aeabi_dmul                      
00017b21  CS_startHFXTWithTimeout           
00017c59  __aeabi_memcpy                    
00017c59  __aeabi_memcpy4                   
00017c59  __aeabi_memcpy8                   
00017c59  memcpy                            
00017cf5  __aeabi_uldivmod                  
00017d8b  __aeabi_cdcmpeq                   
00017d8b  __aeabi_cdcmple                   
00017e11  __aeabi_cdrcmple                  
00017e97  __aeabi_memclr                    
00017e97  __aeabi_memclr4                   
00017e97  __aeabi_memclr8                   
00017e99  __aeabi_memset                    
00017e99  __aeabi_memset4                   
00017e99  __aeabi_memset8                   
00017e9f  memset                            
00017fef  __TI_decompress_lzss              
00018059  frexp                             
00018059  frexpl                            
00018113  ltoa                              
000181b9  SysCtl_getTLVInfo                 
00018255  atoi                              
000182e9  __aeabi_d2iz                      
00018331  __TI_auto_init_nobinit_nopinit    
00018375  sprintf                           
000183f5  _c_int00_noargs                   
0001842d  __aeabi_i2d                       
0001845d  CS_clearInterruptFlag             
00018481  memccpy                           
0001849d  CS_getMCLK                        
000184b5  CS_getSMCLK                       
000184e5  strchr                            
000184fd  CS_setExternalClockSourceFrequency
00018511  copysign                          
00018511  copysignl                         
00018525  strlen                            
00018539  __TI_zero_init_nomemset           
0001855d  wcslen                            
00018571  SysCtl_disableNMISource           
00018581  SysCtl_enableNMISource            
00018591  __TI_decompress_none              
000185a1  SysCtl_getNMISourceStatus         
000185b9  __aeabi_errno_addr                
000185c1  CS_startHFXT                      
000185c7  _system_pre_init                  
000185cb  C$$EXIT                           
000185cb  abort                             
000185f0  __TI_Handler_Table_Base           
000185fc  __TI_Handler_Table_Limit          
00018608  __TI_CINIT_Base                   
00018618  __TI_CINIT_Limit                  
20000000  Message                           
20000010  MCLKfreq                          
20000014  Messageindex                      
20000018  SMCLKfreq                         
2000001c  X                                 
20000020  Ymax                              
20000024  Ymin                              
20000028  Yrange                            
20000034  StX                               
20000038  StY                               
2000003c  StTextColor                       
20000044  lastj                             
20000053  nextDirection                     
20000054  contact1                          
20000055  contact2                          
20000056  direction                         
20000058  errno                             
2000005c  SystemCoreClock                   
2000fe00  __stack                           
20010000  __STACK_END                       
4000480c  WDTCTL_SYM                        
ffffffff  __TI_pprof_out_hndl               
ffffffff  __TI_prof_data_size               
ffffffff  __TI_prof_data_start              
ffffffff  __binit__                         
ffffffff  __c_args__                        
ffffffff  binit                             
UNDEFED   __mpu_init                        
UNDEFED   _system_post_cinit                

[155 symbols]
